Product: MDK-ARM Professional 5.10
Component: ARM Compiler 5.04 update 1 (build 49)
Tool: armlink [5040049]

==============================================================================

Section Cross References

    main.o(.text) refers to function.o(.text) for BspInit
    main.o(.text) refers to oled.o(.text) for OLED_Show_HC05Status
    main.o(.text) refers to exti.o(.text) for Display_Function
    system_stm32f10x.o(.text) refers to system_stm32f10x.o(.data) for SystemCoreClock
    oled.o(.text) refers to stm32f10x_gpio.o(.text) for GPIO_SetBits
    oled.o(.text) refers to oled.o(.constdata) for F8X16
    oled.o(.text) refers to stm32f10x_rcc.o(.text) for RCC_APB2PeriphClockCmd
    oled.o(.text) refers to delay.o(.text) for delay_ms
    oled.o(.text) refers to dflt_clz.o(x$fpl$dflt) for __aeabi_i2d
    oled.o(.text) refers to dmul.o(x$fpl$dmul) for __aeabi_dmul
    oled.o(.text) refers to ddiv.o(x$fpl$ddiv) for __aeabi_ddiv
    oled.o(.text) refers to dflt_clz.o(x$fpl$dfltu) for __aeabi_ui2d
    oled.o(.text) refers to daddsub_clz.o(x$fpl$dsub) for __aeabi_dsub
    oled.o(.text) refers to daddsub_clz.o(x$fpl$dadd) for __aeabi_dadd
    oled.o(.text) refers to dfixu.o(x$fpl$dfixu) for __aeabi_d2uiz
    oled.o(.text) refers to hc05.o(.text) for HC05_Sta_Show
    oled.o(.text) refers to oled.o(.data) for Hzk
    oled.o(.text) refers to oled.o(.bss) for OLED_GRAM
    oled.o(.text) refers to beep.o(.text) for One_Long_Three_Short
    beep.o(.text) refers to stm32f10x_rcc.o(.text) for RCC_APB2PeriphClockCmd
    beep.o(.text) refers to stm32f10x_gpio.o(.text) for GPIO_Init
    beep.o(.text) refers to delay.o(.text) for delay_ms
    ds18b20.o(.text) refers to delay.o(.text) for delay_us
    ds18b20.o(.text) refers to stm32f10x_rcc.o(.text) for RCC_APB2PeriphClockCmd
    ds18b20.o(.text) refers to stm32f10x_gpio.o(.text) for GPIO_Init
    ds18b20.o(.text) refers to fflt_clz.o(x$fpl$fflt) for __aeabi_i2f
    ds18b20.o(.text) refers to f2d.o(x$fpl$f2d) for __aeabi_f2d
    ds18b20.o(.text) refers to dmul.o(x$fpl$dmul) for __aeabi_dmul
    ds18b20.o(.text) refers to dfix.o(x$fpl$dfix) for __aeabi_d2iz
    function.o(.text) refers to _printf_pad.o(.text) for _printf_pre_padding
    function.o(.text) refers to _printf_percent.o(.ARM.Collect$$_printf_percent$$00000000) for _printf_percent
    function.o(.text) refers to _printf_f.o(.ARM.Collect$$_printf_percent$$00000003) for _printf_f
    function.o(.text) refers to printf1.o(x$fpl$printf1) for _printf_fp_dec
    function.o(.text) refers to oled.o(.text) for OLED_ShowCHinese
    function.o(.text) refers to beep.o(.text) for Two_Long_Two_Short
    function.o(.text) refers to delay.o(.text) for delay_ms
    function.o(.text) refers to rtc.o(.text) for RTC_Init
    function.o(.text) refers to ds18b20.o(.text) for DS18B20_Init
    function.o(.text) refers to dflt_clz.o(x$fpl$dflt) for __aeabi_i2d
    function.o(.text) refers to dmul.o(x$fpl$dmul) for __aeabi_dmul
    function.o(.text) refers to daddsub_clz.o(x$fpl$dadd) for __aeabi_dadd
    function.o(.text) refers to __2sprintf.o(.text) for __2sprintf
    function.o(.text) refers to usart2.o(.text) for u2_printf
    function.o(.text) refers to rtc.o(.bss) for calendar
    function.o(.text) refers to function.o(.data) for num
    function.o(.text) refers to ds18b20.o(.data) for temperature
    function.o(.text) refers to drleqf.o(x$fpl$drleqf) for __aeabi_cdrcmple
    function.o(.text) refers to dleqf.o(x$fpl$dleqf) for __aeabi_cdcmple
    function.o(.text) refers to daddsub_clz.o(x$fpl$dsub) for __aeabi_dsub
    function.o(.text) refers to ddiv.o(x$fpl$ddiv) for __aeabi_ddiv
    function.o(.text) refers to dfix.o(x$fpl$dfix) for __aeabi_d2iz
    function.o(.text) refers to key.o(.text) for KEY_Scan
    function.o(.text) refers to oled.o(.data) for ECGArry2
    function.o(.text) refers to usart.o(.text) for uart_init
    function.o(.text) refers to sys.o(.text) for NVIC_Configuration
    function.o(.text) refers to led.o(.text) for led_Init
    function.o(.text) refers to exti.o(.text) for EXTIX_Init
    function.o(.text) refers to hc05.o(.text) for HC05_Init
    function.o(.text) refers to spi.o(.text) for SPI3_Init
    function.o(.text) refers to mmc_sd.o(.text) for SD_Initialize
    function.o(.text) refers to stm32f10x_init.o(.text) for SPI_Configuration
    function.o(.text) refers to ads1293_driver.o(.text) for ADS1293_ResetControl
    function.o(.text) refers to ads1293_driver.o(.data) for ECGDateHandleOverFlag
    key.o(.text) refers to stm32f10x_rcc.o(.text) for RCC_APB2PeriphClockCmd
    key.o(.text) refers to stm32f10x_gpio.o(.text) for GPIO_PinRemapConfig
    key.o(.text) refers to delay.o(.text) for delay_ms
    led.o(.text) refers to stm32f10x_rcc.o(.text) for RCC_APB2PeriphClockCmd
    led.o(.text) refers to stm32f10x_gpio.o(.text) for GPIO_Init
    led.o(.text) refers to delay.o(.text) for delay_ms
[...]
    __rt_entry_sh                            0x080002a1   Thumb Code     0  rtentry4.o(.ARM.Collect$$rtentry$$00000004)
    __rt_entry_li                            0x080002a7   Thumb Code     0  rtentry2.o(.ARM.Collect$$rtentry$$0000000A)
    __rt_entry_postsh_1                      0x080002a7   Thumb Code     0  rtentry2.o(.ARM.Collect$$rtentry$$00000009)
    __rt_entry_main                          0x080002ab   Thumb Code     0  rtentry2.o(.ARM.Collect$$rtentry$$0000000D)
    __rt_entry_postli_1                      0x080002ab   Thumb Code     0  rtentry2.o(.ARM.Collect$$rtentry$$0000000C)
    __rt_exit                                0x080002b3   Thumb Code     0  rtexit.o(.ARM.Collect$$rtexit$$00000000)
    __rt_exit_ls                             0x080002b5   Thumb Code     0  rtexit2.o(.ARM.Collect$$rtexit$$00000003)
    __rt_exit_prels_1                        0x080002b5   Thumb Code     0  rtexit2.o(.ARM.Collect$$rtexit$$00000002)
    __rt_exit_exit                           0x080002b9   Thumb Code     0  rtexit2.o(.ARM.Collect$$rtexit$$00000004)
    main                                     0x080002bf   Thumb Code    22  main.o(.text)
    NMI_Handler                              0x080002d5   Thumb Code     2  stm32f10x_it.o(.text)
    HardFault_Handler                        0x080002d7   Thumb Code     4  stm32f10x_it.o(.text)
    MemManage_Handler                        0x080002db   Thumb Code     4  stm32f10x_it.o(.text)
    BusFault_Handler                         0x080002df   Thumb Code     4  stm32f10x_it.o(.text)
    UsageFault_Handler                       0x080002e3   Thumb Code     4  stm32f10x_it.o(.text)
    SVC_Handler                              0x080002e7   Thumb Code     2  stm32f10x_it.o(.text)
    DebugMon_Handler                         0x080002e9   Thumb Code     2  stm32f10x_it.o(.text)
    PendSV_Handler                           0x080002eb   Thumb Code     2  stm32f10x_it.o(.text)
    SysTick_Handler                          0x080002ed   Thumb Code     2  stm32f10x_it.o(.text)
    SystemInit                               0x080003cf   Thumb Code    78  system_stm32f10x.o(.text)
    SystemCoreClockUpdate                    0x0800041d   Thumb Code   142  system_stm32f10x.o(.text)
    IIC_Start                                0x080004d1   Thumb Code    44  oled.o(.text)
    IIC_Stop                                 0x080004fd   Thumb Code    34  oled.o(.text)
    IIC_Wait_Ack                             0x0800051f   Thumb Code    24  oled.o(.text)
    Write_IIC_Byte                           0x08000537   Thumb Code    88  oled.o(.text)
    Write_IIC_Command                        0x0800058f   Thumb Code    44  oled.o(.text)
    Write_IIC_Data                           0x080005bb   Thumb Code    44  oled.o(.text)
    OLED_WR_Byte                             0x080005e7   Thumb Code    24  oled.o(.text)
    fill_picture                             0x080005ff   Thumb Code    64  oled.o(.text)
    Delay_50ms                               0x0800063f   Thumb Code    22  oled.o(.text)
    Delay_1ms                                0x08000655   Thumb Code    26  oled.o(.text)
    OLED_Set_Pos                             0x0800066f   Thumb Code    40  oled.o(.text)
    OLED_Display_On                          0x08000697   Thumb Code    28  oled.o(.text)
    OLED_Display_Off                         0x080006b3   Thumb Code    28  oled.o(.text)
    OLED_Clear                               0x080006cf   Thumb Code    62  oled.o(.text)
    OLED_On                                  0x0800070d   Thumb Code    62  oled.o(.text)
    OLED_ShowChar                            0x0800074b   Thumb Code   154  oled.o(.text)
    oled_pow                                 0x080007e5   Thumb Code    22  oled.o(.text)
    OLED_ShowNum                             0x080007fb   Thumb Code   136  oled.o(.text)
    OLED_ShowString                          0x08000883   Thumb Code    70  oled.o(.text)
    OLED_ShowCHinese                         0x080008c9   Thumb Code    98  oled.o(.text)
    OLED_DrawBMP                             0x0800092b   Thumb Code   118  oled.o(.text)
    OLED_Refresh_Gram                        0x080009a1   Thumb Code    68  oled.o(.text)
    OLED_DrawPoint                           0x080009e5   Thumb Code   122  oled.o(.text)
    OLED_Fill                                0x08000a5f   Thumb Code    58  oled.o(.text)
    OLED_Init                                0x08000a99   Thumb Code   276  oled.o(.text)
    OLED_DrawLine                            0x08000bad   Thumb Code   180  oled.o(.text)
    OLED_Show_HC05Status                     0x08000c61   Thumb Code   182  oled.o(.text)
    Beep_Init                                0x08000d19   Thumb Code    48  beep.o(.text)
    One_Long_One_Short                       0x08000d49   Thumb Code    62  beep.o(.text)
    One_Long_Two_Short                       0x08000d87   Thumb Code    90  beep.o(.text)
    One_Long_Three_Short                     0x08000de1   Thumb Code    36  beep.o(.text)
    One_Long_Four_Short                      0x08000e05   Thumb Code    36  beep.o(.text)
    Two_Long_Two_Short                       0x08000e29   Thumb Code   122  beep.o(.text)
    DS18B20_Rst                              0x08000eb1   Thumb Code    54  ds18b20.o(.text)
    DS18B20_Check                            0x08000ee7   Thumb Code    96  ds18b20.o(.text)
    DS18B20_Read_Bit                         0x08000f47   Thumb Code    96  ds18b20.o(.text)
    DS18B20_Read_Byte                        0x08000fa7   Thumb Code    34  ds18b20.o(.text)
    DS18B20_Write_Byte                       0x08000fc9   Thumb Code   102  ds18b20.o(.text)
    DS18B20_Start                            0x0800102f   Thumb Code    24  ds18b20.o(.text)
    DS18B20_Init                             0x08001047   Thumb Code    54  ds18b20.o(.text)
    DS18B20_Get_Temp                         0x0800107d   Thumb Code   136  ds18b20.o(.text)
    ElectrodeOff                             0x08001115   Thumb Code    58  function.o(.text)
    OLED_Show_Frame                          0x0800114f   Thumb Code   144  function.o(.text)
    OLED_ShowDate                            0x080011df   Thumb Code   214  function.o(.text)
    OLED_ShowDate1                           0x080012b5   Thumb Code   208  function.o(.text)
    OLED_Show_Temp                           0x08001385   Thumb Code   294  function.o(.text)
    OLED_Show_Temp1                          0x080014ab   Thumb Code   386  function.o(.text)
    OLED_Show_Date_Temp                      0x0800162d   Thumb Code    62  function.o(.text)
    OLED_ShowCoordinate                      0x0800166b   Thumb Code    94  function.o(.text)
    Max_Min                                  0x080016c9   Thumb Code   118  function.o(.text)
    OLED_Plot_ECG2                           0x0800173f   Thumb Code   326  function.o(.text)
    OLED_Plot_ECG1                           0x08001885   Thumb Code   332  function.o(.text)
    OLED_Plot_ECG                            0x080019d1   Thumb Code   446  function.o(.text)
    OLED_Show_HeartRate                      0x08001b8f   Thumb Code   104  function.o(.text)
    OLED_Show_ECG_HeartRate                  0x08001bf7   Thumb Code   338  function.o(.text)
    Display1_Function                        0x08001d49   Thumb Code   110  function.o(.text)
    ElectrodeDetection                       0x08001db7   Thumb Code    34  function.o(.text)
    BspInit                                  0x08001dd9   Thumb Code    82  function.o(.text)
    ECGDate_Handle                           0x08001e2b   Thumb Code   188  function.o(.text)
    KEY_Init                                 0x08001f39   Thumb Code    80  key.o(.text)
    KEY_Scan                                 0x08001f89   Thumb Code   132  key.o(.text)
    led_Init                                 0x08002019   Thumb Code   120  led.o(.text)
    Set_LED_Status                           0x08002091   Thumb Code   210  led.o(.text)
    WaterLights                              0x08002163   Thumb Code    86  led.o(.text)
    RTC_Get_Week                             0x080021e5   Thumb Code   116  rtc.o(.text)
    Is_Leap_Year                             0x08002259   Thumb Code    58  rtc.o(.text)
    RTC_Get                                  0x08002293   Thumb Code   240  rtc.o(.text)
    RTC_Set                                  0x08002383   Thumb Code   188  rtc.o(.text)
    RTC_Init                                 0x0800243f   Thumb Code   190  rtc.o(.text)
    RTC_IRQHandler                           0x080024fd   Thumb Code    40  rtc.o(.text)
    EXTIX_Init                               0x08002541   Thumb Code    80  exti.o(.text)
    EXTI9_5_IRQHandler                       0x08002591   Thumb Code    64  exti.o(.text)
    Key_Function                             0x080025d1   Thumb Code    74  exti.o(.text)
    Display_Function                         0x0800261b   Thumb Code   148  exti.o(.text)
    HC05_Init                                0x080026c5   Thumb Code    78  hc05.o(.text)
    HC05_Get_Role                            0x08002713   Thumb Code   124  hc05.o(.text)
    HC05_Set_Cmd                             0x0800278f   Thumb Code   128  hc05.o(.text)
    HC05_CFG_CMD                             0x0800280f   Thumb Code    94  hc05.o(.text)
    HC05_Role_Show                           0x0800286d   Thumb Code    26  hc05.o(.text)
    HC05_Sta_Show                            0x08002887   Thumb Code    16  hc05.o(.text)
    HC05_SendDate                            0x08002897   Thumb Code   112  hc05.o(.text)
    TIM4_Set                                 0x08002965   Thumb Code    34  usart2.o(.text)
    USART2_IRQHandler                        0x08002987   Thumb Code    82  usart2.o(.text)
    TIM4_Init                                0x080029d9   Thumb Code    82  usart2.o(.text)
    UART_DMA_Config                          0x08002a2b   Thumb Code    72  usart2.o(.text)
    USART2_Init                              0x08002a73   Thumb Code   204  usart2.o(.text)
    SendDate                                 0x08002b3f   Thumb Code    40  usart2.o(.text)
    UART_DMA_Enable                          0x08002b67   Thumb Code    32  usart2.o(.text)
    u2_printf                                0x08002b87   Thumb Code    56  usart2.o(.text)
    TIM4_IRQHandler                          0x08002bbf   Thumb Code    40  usart2.o(.text)
    SD_SPI_ReadWriteByte                     0x08002c05   Thumb Code    12  mmc_sd.o(.text)
    SD_SPI_SpeedLow                          0x08002c11   Thumb Code    10  mmc_sd.o(.text)
    SD_SPI_SpeedHigh                         0x08002c1b   Thumb Code    10  mmc_sd.o(.text)
    SD_SPI_Init                              0x08002c25   Thumb Code    56  mmc_sd.o(.text)
    SD_DisSelect                             0x08002c5d   Thumb Code    16  mmc_sd.o(.text)
    SD_WaitReady                             0x08002c6d   Thumb Code    34  mmc_sd.o(.text)
    SD_Select                                0x08002c8f   Thumb Code    26  mmc_sd.o(.text)
    SD_GetResponse                           0x08002ca9   Thumb Code    38  mmc_sd.o(.text)
    SD_RecvData                              0x08002ccf   Thumb Code    56  mmc_sd.o(.text)
    SD_SendBlock                             0x08002d07   Thumb Code    82  mmc_sd.o(.text)
    SD_SendCmd                               0x08002d59   Thumb Code   120  mmc_sd.o(.text)
    SD_GetCID                                0x08002dd1   Thumb Code    42  mmc_sd.o(.text)
    SD_GetCSD                                0x08002dfb   Thumb Code    42  mmc_sd.o(.text)
    SD_GetSectorCount                        0x08002e25   Thumb Code   118  mmc_sd.o(.text)
    SD_Initialize                            0x08002e9b   Thumb Code    34  mmc_sd.o(.text)
    SD_ReadDisk                              0x08002ebd   Thumb Code   112  mmc_sd.o(.text)
    SD_WriteDisk                             0x08002f2d   Thumb Code   140  mmc_sd.o(.text)
    SPI3_ReadWriteByte                       0x08002fc5   Thumb Code    78  spi.o(.text)
    SPI3_Init                                0x08003013   Thumb Code   114  spi.o(.text)
    SPI3_SetSpeed                            0x08003085   Thumb Code    26  spi.o(.text)
    ADS1293_ResetControl                     0x080030ad   Thumb Code    38  ads1293_driver.o(.text)
    ADS1293_SPI_CS_Set                       0x080030d3   Thumb Code    30  ads1293_driver.o(.text)
    ADS1293_RegWrite                         0x080030f1   Thumb Code    56  ads1293_driver.o(.text)
    ADS1293_RegRead                          0x08003129   Thumb Code    50  ads1293_driver.o(.text)
    ADS1293_MultiRegRead                     0x0800315b   Thumb Code    74  ads1293_driver.o(.text)
    ADS1293_Read_ChipRevID                   0x080031a5   Thumb Code    16  ads1293_driver.o(.text)
    ADS1293_Init                             0x080031b5   Thumb Code    68  ads1293_driver.o(.text)
    ADS1293_StartConversion                  0x080031f9   Thumb Code    12  ads1293_driver.o(.text)
    ADS1293_StopConversion                   0x08003205   Thumb Code    12  ads1293_driver.o(.text)
    ADS1293_Handler                          0x08003211   Thumb Code   458  ads1293_driver.o(.text)
    SPI2_CS_Set                              0x08003441   Thumb Code    30  spi_userdriver.o(.text)
    SPI2_SendAndGet_Byte                     0x0800345f   Thumb Code    52  spi_userdriver.o(.text)
    SPI2_SingleByteRead                      0x08003493   Thumb Code    22  spi_userdriver.o(.text)
    SPI2_MultiByteRead                       0x080034a9   Thumb Code    44  spi_userdriver.o(.text)
    SPI2_SingleByteWrite                     0x080034d5   Thumb Code    22  spi_userdriver.o(.text)
    Generate_XorCheckByte                    0x080034f5   Thumb Code    26  uart_communicate.o(.text)
    Fill_TxPackage                           0x0800350f   Thumb Code   104  uart_communicate.o(.text)
    USART3_Transmit_Handler                  0x08003577   Thumb Code    62  uart_communicate.o(.text)
    GPIO_Configuration                       0x080035bd   Thumb Code    82  stm32f10x_init.o(.text)
    USART_Configuration                      0x0800360f   Thumb Code   228  stm32f10x_init.o(.text)
    SPI_Configuration                        0x080036f3   Thumb Code   158  stm32f10x_init.o(.text)
    TIMER_Configuration                      0x08003791   Thumb Code   154  stm32f10x_init.o(.text)
    EXIT_Configuration                       0x0800382b   Thumb Code   180  stm32f10x_init.o(.text)
    delay_init                               0x080038f5   Thumb Code    50  delay.o(.text)
    delay_us                                 0x08003927   Thumb Code    72  delay.o(.text)
    delay_ms                                 0x0800396f   Thumb Code    72  delay.o(.text)
    NVIC_Configuration                       0x080039c9   Thumb Code    12  sys.o(.text)
    _sys_exit                                0x080039d5   Thumb Code     6  usart.o(.text)
    fputc                                    0x080039db   Thumb Code    24  usart.o(.text)
    uart_init                                0x080039f3   Thumb Code   152  usart.o(.text)
    USART1_IRQHandler                        0x08003a8b   Thumb Code   122  usart.o(.text)
    Reset_Handler                            0x08003b15   Thumb Code     8  startup_stm32f10x_hd.o(.text)
    ADC1_2_IRQHandler                        0x08003b2f   Thumb Code     0  startup_stm32f10x_hd.o(.text)
    ADC3_IRQHandler                          0x08003b2f   Thumb Code     0  startup_stm32f10x_hd.o(.text)
    CAN1_RX1_IRQHandler                      0x08003b2f   Thumb Code     0  startup_stm32f10x_hd.o(.text)
    CAN1_SCE_IRQHandler                      0x08003b2f   Thumb Code     0  startup_stm32f10x_hd.o(.text)
    DMA1_Channel1_IRQHandler                 0x08003b2f   Thumb Code     0  startup_stm32f10x_hd.o(.text)
    DMA1_Channel2_IRQHandler                 0x08003b2f   Thumb Code     0  startup_stm32f10x_hd.o(.text)
    DMA1_Channel3_IRQHandler                 0x08003b2f   Thumb Code     0  startup_stm32f10x_hd.o(.text)
    DMA1_Channel4_IRQHandler                 0x08003b2f   Thumb Code     0  startup_stm32f10x_hd.o(.text)
    DMA1_Channel5_IRQHandler                 0x08003b2f   Thumb Code     0  startup_stm32f10x_hd.o(.text)
    DMA1_Channel6_IRQHandler                 0x08003b2f   Thumb Code     0  startup_stm32f10x_hd.o(.text)
    DMA1_Channel7_IRQHandler                 0x08003b2f   Thumb Code     0  startup_stm32f10x_hd.o(.text)
    DMA2_Channel1_IRQHandler                 0x08003b2f   Thumb Code     0  startup_stm32f10x_hd.o(.text)
    DMA2_Channel2_IRQHandler                 0x08003b2f   Thumb Code     0  startup_stm32f10x_hd.o(.text)
    DMA2_Channel3_IRQHandler                 0x08003b2f   Thumb Code     0  startup_stm32f10x_hd.o(.text)
    DMA2_Channel4_5_IRQHandler               0x08003b2f   Thumb Code     0  startup_stm32f10x_hd.o(.text)
    EXTI0_IRQHandler                         0x08003b2f   Thumb Code     0  startup_stm32f10x_hd.o(.text)
    EXTI15_10_IRQHandler                     0x08003b2f   Thumb Code     0  startup_stm32f10x_hd.o(.text)
    EXTI1_IRQHandler                         0x08003b2f   Thumb Code     0  startup_stm32f10x_hd.o(.text)
    EXTI2_IRQHandler                         0x08003b2f   Thumb Code     0  startup_stm32f10x_hd.o(.text)
    EXTI3_IRQHandler                         0x08003b2f   Thumb Code     0  startup_stm32f10x_hd.o(.text)
    EXTI4_IRQHandler                         0x08003b2f   Thumb Code     0  startup_stm32f10x_hd.o(.text)
    FLASH_IRQHandler                         0x08003b2f   Thumb Code     0  startup_stm32f10x_hd.o(.text)
    FSMC_IRQHandler                          0x08003b2f   Thumb Code     0  startup_stm32f10x_hd.o(.text)
    I2C1_ER_IRQHandler                       0x08003b2f   Thumb Code     0  startup_stm32f10x_hd.o(.text)
    I2C1_EV_IRQHandler                       0x08003b2f   Thumb Code     0  startup_stm32f10x_hd.o(.text)
    I2C2_ER_IRQHandler                       0x08003b2f   Thumb Code     0  startup_stm32f10x_hd.o(.text)
    I2C2_EV_IRQHandler                       0x08003b2f   Thumb Code     0  startup_stm32f10x_hd.o(.text)
    PVD_IRQHandler                           0x08003b2f   Thumb Code     0  startup_stm32f10x_hd.o(.text)
    RCC_IRQHandler                           0x08003b2f   Thumb Code     0  startup_stm32f10x_hd.o(.text)
    RTCAlarm_IRQHandler                      0x08003b2f   Thumb Code     0  startup_stm32f10x_hd.o(.text)
    SDIO_IRQHandler                          0x08003b2f   Thumb Code     0  startup_stm32f10x_hd.o(.text)
    SPI1_IRQHandler                          0x08003b2f   Thumb Code     0  startup_stm32f10x_hd.o(.text)
    SPI2_IRQHandler                          0x08003b2f   Thumb Code     0  startup_stm32f10x_hd.o(.text)
    SPI3_IRQHandler                          0x08003b2f   Thumb Code     0  startup_stm32f10x_hd.o(.text)
    TAMPER_IRQHandler                        0x08003b2f   Thumb Code     0  startup_stm32f10x_hd.o(.text)
    TIM1_BRK_IRQHandler                      0x08003b2f   Thumb Code     0  startup_stm32f10x_hd.o(.text)
    TIM1_CC_IRQHandler                       0x08003b2f   Thumb Code     0  startup_stm32f10x_hd.o(.text)
    TIM1_TRG_COM_IRQHandler                  0x08003b2f   Thumb Code     0  startup_stm32f10x_hd.o(.text)
    TIM1_UP_IRQHandler                       0x08003b2f   Thumb Code     0  startup_stm32f10x_hd.o(.text)
    TIM2_IRQHandler                          0x08003b2f   Thumb Code     0  startup_stm32f10x_hd.o(.text)
    TIM3_IRQHandler                          0x08003b2f   Thumb Code     0  startup_stm32f10x_hd.o(.text)
    TIM5_IRQHandler                          0x08003b2f   Thumb Code     0  startup_stm32f10x_hd.o(.text)
    TIM6_IRQHandler                          0x08003b2f   Thumb Code     0  startup_stm32f10x_hd.o(.text)
    TIM7_IRQHandler                          0x08003b2f   Thumb Code     0  startup_stm32f10x_hd.o(.text)
    TIM8_BRK_IRQHandler                      0x08003b2f   Thumb Code     0  startup_stm32f10x_hd.o(.text)
    TIM8_CC_IRQHandler                       0x08003b2f   Thumb Code     0  startup_stm32f10x_hd.o(.text)
    TIM8_TRG_COM_IRQHandler                  0x08003b2f   Thumb Code     0  startup_stm32f10x_hd.o(.text)
    TIM8_UP_IRQHandler                       0x08003b2f   Thumb Code     0  startup_stm32f10x_hd.o(.text)
    UART4_IRQHandler                         0x08003b2f   Thumb Code     0  startup_stm32f10x_hd.o(.text)
    UART5_IRQHandler                         0x08003b2f   Thumb Code     0  startup_stm32f10x_hd.o(.text)
    USART3_IRQHandler                        0x08003b2f   Thumb Code     0  startup_stm32f10x_hd.o(.text)
    USBWakeUp_IRQHandler                     0x08003b2f   Thumb Code     0  startup_stm32f10x_hd.o(.text)
    USB_HP_CAN1_TX_IRQHandler                0x08003b2f   Thumb Code     0  startup_stm32f10x_hd.o(.text)
    USB_LP_CAN1_RX0_IRQHandler               0x08003b2f   Thumb Code     0  startup_stm32f10x_hd.o(.text)
    WWDG_IRQHandler                          0x08003b2f   Thumb Code     0  startup_stm32f10x_hd.o(.text)
    __user_initial_stackheap                 0x08003b31   Thumb Code     0  startup_stm32f10x_hd.o(.text)
    NVIC_PriorityGroupConfig                 0x08003b55   Thumb Code    10  misc.o(.text)
    NVIC_Init                                0x08003b5f   Thumb Code   100  misc.o(.text)
    NVIC_SetVectorTable                      0x08003bc3   Thumb Code    14  misc.o(.text)
    NVIC_SystemLPConfig                      0x08003bd1   Thumb Code    34  misc.o(.text)
    SysTick_CLKSourceConfig                  0x08003bf3   Thumb Code    40  misc.o(.text)
    GPIO_DeInit                              0x08003c31   Thumb Code   172  stm32f10x_gpio.o(.text)
    GPIO_AFIODeInit                          0x08003cdd   Thumb Code    20  stm32f10x_gpio.o(.text)
    GPIO_Init                                0x08003cf1   Thumb Code   278  stm32f10x_gpio.o(.text)
    GPIO_StructInit                          0x08003e07   Thumb Code    16  stm32f10x_gpio.o(.text)
    GPIO_ReadInputDataBit                    0x08003e17   Thumb Code    18  stm32f10x_gpio.o(.text)
    GPIO_ReadInputData                       0x08003e29   Thumb Code     8  stm32f10x_gpio.o(.text)
    GPIO_ReadOutputDataBit                   0x08003e31   Thumb Code    18  stm32f10x_gpio.o(.text)
    GPIO_ReadOutputData                      0x08003e43   Thumb Code     8  stm32f10x_gpio.o(.text)
    GPIO_SetBits                             0x08003e4b   Thumb Code     4  stm32f10x_gpio.o(.text)
    GPIO_ResetBits                           0x08003e4f   Thumb Code     4  stm32f10x_gpio.o(.text)
    GPIO_WriteBit                            0x08003e53   Thumb Code    10  stm32f10x_gpio.o(.text)
    GPIO_Write                               0x08003e5d   Thumb Code     4  stm32f10x_gpio.o(.text)
    GPIO_PinLockConfig                       0x08003e61   Thumb Code    18  stm32f10x_gpio.o(.text)
    GPIO_EventOutputConfig                   0x08003e73   Thumb Code    26  stm32f10x_gpio.o(.text)
    GPIO_EventOutputCmd                      0x08003e8d   Thumb Code     6  stm32f10x_gpio.o(.text)
    GPIO_PinRemapConfig                      0x08003e93   Thumb Code   138  stm32f10x_gpio.o(.text)
    GPIO_EXTILineConfig                      0x08003f1d   Thumb Code    66  stm32f10x_gpio.o(.text)
    GPIO_ETH_MediaInterfaceConfig            0x08003f5f   Thumb Code     8  stm32f10x_gpio.o(.text)
    RCC_DeInit                               0x08003f8d   Thumb Code    64  stm32f10x_rcc.o(.text)
    RCC_HSEConfig                            0x08003fcd   Thumb Code    70  stm32f10x_rcc.o(.text)
    RCC_GetFlagStatus                        0x08004013   Thumb Code    56  stm32f10x_rcc.o(.text)
    RCC_WaitForHSEStartUp                    0x0800404b   Thumb Code    56  stm32f10x_rcc.o(.text)
    RCC_AdjustHSICalibrationValue            0x08004083   Thumb Code    20  stm32f10x_rcc.o(.text)
    RCC_HSICmd                               0x08004097   Thumb Code     6  stm32f10x_rcc.o(.text)
    RCC_PLLConfig                            0x0800409d   Thumb Code    24  stm32f10x_rcc.o(.text)
    RCC_PLLCmd                               0x080040b5   Thumb Code     6  stm32f10x_rcc.o(.text)
    RCC_SYSCLKConfig                         0x080040bb   Thumb Code    18  stm32f10x_rcc.o(.text)
    RCC_GetSYSCLKSource                      0x080040cd   Thumb Code    10  stm32f10x_rcc.o(.text)
    RCC_HCLKConfig                           0x080040d7   Thumb Code    18  stm32f10x_rcc.o(.text)
    RCC_PCLK1Config                          0x080040e9   Thumb Code    18  stm32f10x_rcc.o(.text)
    RCC_PCLK2Config                          0x080040fb   Thumb Code    20  stm32f10x_rcc.o(.text)
    RCC_ITConfig                             0x0800410f   Thumb Code    26  stm32f10x_rcc.o(.text)
    RCC_USBCLKConfig                         0x08004129   Thumb Code     8  stm32f10x_rcc.o(.text)
    RCC_ADCCLKConfig                         0x08004131   Thumb Code    18  stm32f10x_rcc.o(.text)
    RCC_LSEConfig                            0x08004143   Thumb Code    50  stm32f10x_rcc.o(.text)
    RCC_LSICmd                               0x08004175   Thumb Code     6  stm32f10x_rcc.o(.text)
    RCC_RTCCLKConfig                         0x0800417b   Thumb Code    12  stm32f10x_rcc.o(.text)
    RCC_RTCCLKCmd                            0x08004187   Thumb Code     8  stm32f10x_rcc.o(.text)
    RCC_GetClocksFreq                        0x0800418f   Thumb Code   192  stm32f10x_rcc.o(.text)
    RCC_AHBPeriphClockCmd                    0x0800424f   Thumb Code    26  stm32f10x_rcc.o(.text)
    RCC_APB2PeriphClockCmd                   0x08004269   Thumb Code    26  stm32f10x_rcc.o(.text)
    RCC_APB1PeriphClockCmd                   0x08004283   Thumb Code    26  stm32f10x_rcc.o(.text)
    RCC_APB2PeriphResetCmd                   0x0800429d   Thumb Code    26  stm32f10x_rcc.o(.text)
    RCC_APB1PeriphResetCmd                   0x080042b7   Thumb Code    26  stm32f10x_rcc.o(.text)
    RCC_BackupResetCmd                       0x080042d1   Thumb Code     8  stm32f10x_rcc.o(.text)
    RCC_ClockSecuritySystemCmd               0x080042d9   Thumb Code     6  stm32f10x_rcc.o(.text)
    RCC_MCOConfig                            0x080042df   Thumb Code     6  stm32f10x_rcc.o(.text)
    RCC_ClearFlag                            0x080042e5   Thumb Code    14  stm32f10x_rcc.o(.text)
    RCC_GetITStatus                          0x080042f3   Thumb Code    20  stm32f10x_rcc.o(.text)
    RCC_ClearITPendingBit                    0x08004307   Thumb Code     6  stm32f10x_rcc.o(.text)
    USART_DeInit                             0x08004331   Thumb Code   134  stm32f10x_usart.o(.text)
    USART_Init                               0x080043b7   Thumb Code   210  stm32f10x_usart.o(.text)
    USART_StructInit                         0x08004489   Thumb Code    24  stm32f10x_usart.o(.text)
    USART_ClockInit                          0x080044a1   Thumb Code    34  stm32f10x_usart.o(.text)
    USART_ClockStructInit                    0x080044c3   Thumb Code    12  stm32f10x_usart.o(.text)
    USART_Cmd                                0x080044cf   Thumb Code    24  stm32f10x_usart.o(.text)
    USART_ITConfig                           0x080044e7   Thumb Code    74  stm32f10x_usart.o(.text)
    USART_DMACmd                             0x08004531   Thumb Code    18  stm32f10x_usart.o(.text)
    USART_SetAddress                         0x08004543   Thumb Code    18  stm32f10x_usart.o(.text)
    USART_WakeUpConfig                       0x08004555   Thumb Code    18  stm32f10x_usart.o(.text)
    USART_ReceiverWakeUpCmd                  0x08004567   Thumb Code    24  stm32f10x_usart.o(.text)
    USART_LINBreakDetectLengthConfig         0x0800457f   Thumb Code    18  stm32f10x_usart.o(.text)
    USART_LINCmd                             0x08004591   Thumb Code    24  stm32f10x_usart.o(.text)
    USART_SendData                           0x080045a9   Thumb Code     8  stm32f10x_usart.o(.text)
    USART_ReceiveData                        0x080045b1   Thumb Code    10  stm32f10x_usart.o(.text)
    USART_SendBreak                          0x080045bb   Thumb Code    10  stm32f10x_usart.o(.text)
    USART_SetGuardTime                       0x080045c5   Thumb Code    16  stm32f10x_usart.o(.text)
    USART_SetPrescaler                       0x080045d5   Thumb Code    16  stm32f10x_usart.o(.text)
    USART_SmartCardCmd                       0x080045e5   Thumb Code    24  stm32f10x_usart.o(.text)
    USART_SmartCardNACKCmd                   0x080045fd   Thumb Code    24  stm32f10x_usart.o(.text)
    USART_HalfDuplexCmd                      0x08004615   Thumb Code    24  stm32f10x_usart.o(.text)
    USART_OverSampling8Cmd                   0x0800462d   Thumb Code    22  stm32f10x_usart.o(.text)
    USART_OneBitMethodCmd                    0x08004643   Thumb Code    24  stm32f10x_usart.o(.text)
    USART_IrDAConfig                         0x0800465b   Thumb Code    18  stm32f10x_usart.o(.text)
    USART_IrDACmd                            0x0800466d   Thumb Code    24  stm32f10x_usart.o(.text)
    USART_GetFlagStatus                      0x08004685   Thumb Code    26  stm32f10x_usart.o(.text)
    USART_ClearFlag                          0x0800469f   Thumb Code    18  stm32f10x_usart.o(.text)
    USART_GetITStatus                        0x080046b1   Thumb Code    84  stm32f10x_usart.o(.text)
    USART_ClearITPendingBit                  0x08004705   Thumb Code    52  stm32f10x_usart.o(.text)
    BKP_DeInit                               0x08004739   Thumb Code    16  stm32f10x_bkp.o(.text)
    BKP_TamperPinLevelConfig                 0x08004749   Thumb Code     6  stm32f10x_bkp.o(.text)
    BKP_TamperPinCmd                         0x0800474f   Thumb Code     8  stm32f10x_bkp.o(.text)
    BKP_ITConfig                             0x08004757   Thumb Code     8  stm32f10x_bkp.o(.text)
    BKP_RTCOutputConfig                      0x0800475f   Thumb Code    22  stm32f10x_bkp.o(.text)
    BKP_SetRTCCalibrationValue               0x08004775   Thumb Code    22  stm32f10x_bkp.o(.text)
    BKP_WriteBackupRegister                  0x0800478b   Thumb Code    24  stm32f10x_bkp.o(.text)
    BKP_ReadBackupRegister                   0x080047a3   Thumb Code    26  stm32f10x_bkp.o(.text)
    BKP_GetFlagStatus                        0x080047bd   Thumb Code    10  stm32f10x_bkp.o(.text)
    BKP_ClearFlag                            0x080047c7   Thumb Code    18  stm32f10x_bkp.o(.text)
    BKP_GetITStatus                          0x080047d9   Thumb Code    10  stm32f10x_bkp.o(.text)
    BKP_ClearITPendingBit                    0x080047e3   Thumb Code    18  stm32f10x_bkp.o(.text)
    PWR_DeInit                               0x080047fd   Thumb Code    22  stm32f10x_pwr.o(.text)
    PWR_BackupAccessCmd                      0x08004813   Thumb Code     6  stm32f10x_pwr.o(.text)
    PWR_PVDCmd                               0x08004819   Thumb Code     6  stm32f10x_pwr.o(.text)
    PWR_PVDLevelConfig                       0x0800481f   Thumb Code    18  stm32f10x_pwr.o(.text)
    PWR_WakeUpPinCmd                         0x08004831   Thumb Code     8  stm32f10x_pwr.o(.text)
    PWR_EnterSTOPMode                        0x08004839   Thumb Code    54  stm32f10x_pwr.o(.text)
    PWR_EnterSTANDBYMode                     0x0800486f   Thumb Code    42  stm32f10x_pwr.o(.text)
    PWR_GetFlagStatus                        0x08004899   Thumb Code    20  stm32f10x_pwr.o(.text)
    PWR_ClearFlag                            0x080048ad   Thumb Code    14  stm32f10x_pwr.o(.text)
    RTC_ITConfig                             0x080048c9   Thumb Code    26  stm32f10x_rtc.o(.text)
    RTC_EnterConfigMode                      0x080048e3   Thumb Code    18  stm32f10x_rtc.o(.text)
    RTC_ExitConfigMode                       0x080048f5   Thumb Code    20  stm32f10x_rtc.o(.text)
    RTC_GetCounter                           0x08004909   Thumb Code    18  stm32f10x_rtc.o(.text)
    RTC_SetCounter                           0x0800491b   Thumb Code    26  stm32f10x_rtc.o(.text)
    RTC_SetPrescaler                         0x08004935   Thumb Code    28  stm32f10x_rtc.o(.text)
    RTC_SetAlarm                             0x08004951   Thumb Code    26  stm32f10x_rtc.o(.text)
    RTC_GetDivider                           0x0800496b   Thumb Code    22  stm32f10x_rtc.o(.text)
    RTC_WaitForLastTask                      0x08004981   Thumb Code    18  stm32f10x_rtc.o(.text)
    RTC_WaitForSynchro                       0x08004993   Thumb Code    36  stm32f10x_rtc.o(.text)
    RTC_GetFlagStatus                        0x080049b7   Thumb Code    22  stm32f10x_rtc.o(.text)
    RTC_ClearFlag                            0x080049cd   Thumb Code    16  stm32f10x_rtc.o(.text)
    RTC_GetITStatus                          0x080049dd   Thumb Code    32  stm32f10x_rtc.o(.text)
    RTC_ClearITPendingBit                    0x080049fd   Thumb Code    16  stm32f10x_rtc.o(.text)
    EXTI_DeInit                              0x08004a11   Thumb Code    28  stm32f10x_exti.o(.text)
    EXTI_Init                                0x08004a2d   Thumb Code   142  stm32f10x_exti.o(.text)
    EXTI_StructInit                          0x08004abb   Thumb Code    16  stm32f10x_exti.o(.text)
    EXTI_GenerateSWInterrupt                 0x08004acb   Thumb Code    16  stm32f10x_exti.o(.text)
    EXTI_GetFlagStatus                       0x08004adb   Thumb Code    22  stm32f10x_exti.o(.text)
    EXTI_ClearFlag                           0x08004af1   Thumb Code     8  stm32f10x_exti.o(.text)
    EXTI_GetITStatus                         0x08004af9   Thumb Code    34  stm32f10x_exti.o(.text)
    EXTI_ClearITPendingBit                   0x08004b1b   Thumb Code     8  stm32f10x_exti.o(.text)
    DMA_DeInit                               0x08004b2d   Thumb Code   324  stm32f10x_dma.o(.text)
    DMA_Init                                 0x08004c71   Thumb Code    60  stm32f10x_dma.o(.text)
    DMA_StructInit                           0x08004cad   Thumb Code    26  stm32f10x_dma.o(.text)
    DMA_Cmd                                  0x08004cc7   Thumb Code    24  stm32f10x_dma.o(.text)
    DMA_ITConfig                             0x08004cdf   Thumb Code    18  stm32f10x_dma.o(.text)
    DMA_SetCurrDataCounter                   0x08004cf1   Thumb Code     4  stm32f10x_dma.o(.text)
    DMA_GetCurrDataCounter                   0x08004cf5   Thumb Code     8  stm32f10x_dma.o(.text)
    DMA_GetFlagStatus                        0x08004cfd   Thumb Code    40  stm32f10x_dma.o(.text)
    DMA_ClearFlag                            0x08004d25   Thumb Code    22  stm32f10x_dma.o(.text)
    DMA_GetITStatus                          0x08004d3b   Thumb Code    40  stm32f10x_dma.o(.text)
    DMA_ClearITPendingBit                    0x08004d63   Thumb Code    22  stm32f10x_dma.o(.text)
    TIM_DeInit                               0x08004d81   Thumb Code   424  stm32f10x_tim.o(.text)
    TIM_TimeBaseInit                         0x08004f29   Thumb Code   122  stm32f10x_tim.o(.text)
    TIM_OC1Init                              0x08004fa3   Thumb Code   132  stm32f10x_tim.o(.text)
    TIM_OC2Init                              0x08005027   Thumb Code   154  stm32f10x_tim.o(.text)
    TIM_OC3Init                              0x080050c1   Thumb Code   150  stm32f10x_tim.o(.text)
    TIM_OC4Init                              0x08005157   Thumb Code   182  stm32f10x_tim.o(.text)
    TIM_SetIC4Prescaler                      0x0800520d   Thumb Code    26  stm32f10x_tim.o(.text)
    TIM_SetIC3Prescaler                      0x080052a9   Thumb Code    18  stm32f10x_tim.o(.text)
    TIM_SetIC2Prescaler                      0x08005335   Thumb Code    26  stm32f10x_tim.o(.text)
    TIM_SetIC1Prescaler                      0x080053d1   Thumb Code    18  stm32f10x_tim.o(.text)
    TIM_ICInit                               0x0800544f   Thumb Code   150  stm32f10x_tim.o(.text)
    TIM_PWMIConfig                           0x080054e5   Thumb Code   124  stm32f10x_tim.o(.text)
    TIM_BDTRConfig                           0x08005561   Thumb Code    32  stm32f10x_tim.o(.text)
    TIM_TimeBaseStructInit                   0x08005581   Thumb Code    18  stm32f10x_tim.o(.text)
    TIM_OCStructInit                         0x08005593   Thumb Code    20  stm32f10x_tim.o(.text)
    TIM_ICStructInit                         0x080055a7   Thumb Code    18  stm32f10x_tim.o(.text)
    TIM_BDTRStructInit                       0x080055b9   Thumb Code    40  stm32f10x_tim.o(.text)
    TIM_Cmd                                  0x080055e1   Thumb Code    24  stm32f10x_tim.o(.text)
    TIM_CtrlPWMOutputs                       0x080055f9   Thumb Code    30  stm32f10x_tim.o(.text)
    TIM_ITConfig                             0x08005617   Thumb Code    18  stm32f10x_tim.o(.text)
    TIM_GenerateEvent                        0x08005629   Thumb Code     4  stm32f10x_tim.o(.text)
    TIM_DMAConfig                            0x0800562d   Thumb Code    10  stm32f10x_tim.o(.text)
    TIM_DMACmd                               0x08005637   Thumb Code    18  stm32f10x_tim.o(.text)
    TIM_InternalClockConfig                  0x08005649   Thumb Code    12  stm32f10x_tim.o(.text)
    TIM_SelectInputTrigger                   0x08005655   Thumb Code    18  stm32f10x_tim.o(.text)
    TIM_ITRxExternalClockConfig              0x08005667   Thumb Code    24  stm32f10x_tim.o(.text)
    TIM_TIxExternalClockConfig               0x0800567f   Thumb Code    62  stm32f10x_tim.o(.text)
    TIM_ETRConfig                            0x080056bd   Thumb Code    28  stm32f10x_tim.o(.text)
    TIM_ETRClockMode1Config                  0x080056d9   Thumb Code    54  stm32f10x_tim.o(.text)
    TIM_ETRClockMode2Config                  0x0800570f   Thumb Code    32  stm32f10x_tim.o(.text)
    TIM_PrescalerConfig                      0x0800572f   Thumb Code     6  stm32f10x_tim.o(.text)
    TIM_CounterModeConfig                    0x08005735   Thumb Code    18  stm32f10x_tim.o(.text)
    TIM_EncoderInterfaceConfig               0x08005747   Thumb Code    66  stm32f10x_tim.o(.text)
    TIM_ForcedOC1Config                      0x08005789   Thumb Code    18  stm32f10x_tim.o(.text)
    TIM_ForcedOC2Config                      0x0800579b   Thumb Code    26  stm32f10x_tim.o(.text)
    TIM_ForcedOC3Config                      0x080057b5   Thumb Code    18  stm32f10x_tim.o(.text)
    TIM_ForcedOC4Config                      0x080057c7   Thumb Code    26  stm32f10x_tim.o(.text)
    TIM_ARRPreloadConfig                     0x080057e1   Thumb Code    24  stm32f10x_tim.o(.text)
    TIM_SelectCOM                            0x080057f9   Thumb Code    24  stm32f10x_tim.o(.text)
    TIM_SelectCCDMA                          0x08005811   Thumb Code    24  stm32f10x_tim.o(.text)
    TIM_CCPreloadControl                     0x08005829   Thumb Code    24  stm32f10x_tim.o(.text)
    TIM_OC1PreloadConfig                     0x08005841   Thumb Code    18  stm32f10x_tim.o(.text)
    TIM_OC2PreloadConfig                     0x08005853   Thumb Code    26  stm32f10x_tim.o(.text)
    TIM_OC3PreloadConfig                     0x0800586d   Thumb Code    18  stm32f10x_tim.o(.text)
    TIM_OC4PreloadConfig                     0x0800587f   Thumb Code    26  stm32f10x_tim.o(.text)
    TIM_OC1FastConfig                        0x08005899   Thumb Code    18  stm32f10x_tim.o(.text)
    TIM_OC2FastConfig                        0x080058ab   Thumb Code    26  stm32f10x_tim.o(.text)
    TIM_OC3FastConfig                        0x080058c5   Thumb Code    18  stm32f10x_tim.o(.text)
    TIM_OC4FastConfig                        0x080058d7   Thumb Code    26  stm32f10x_tim.o(.text)
    TIM_ClearOC1Ref                          0x080058f1   Thumb Code    18  stm32f10x_tim.o(.text)
    TIM_ClearOC2Ref                          0x08005903   Thumb Code    24  stm32f10x_tim.o(.text)
    TIM_ClearOC3Ref                          0x0800591b   Thumb Code    18  stm32f10x_tim.o(.text)
    TIM_ClearOC4Ref                          0x0800592d   Thumb Code    24  stm32f10x_tim.o(.text)
    TIM_OC1PolarityConfig                    0x08005945   Thumb Code    18  stm32f10x_tim.o(.text)
    TIM_OC1NPolarityConfig                   0x08005957   Thumb Code    18  stm32f10x_tim.o(.text)
    TIM_OC2PolarityConfig                    0x08005969   Thumb Code    26  stm32f10x_tim.o(.text)
    TIM_OC2NPolarityConfig                   0x08005983   Thumb Code    26  stm32f10x_tim.o(.text)
    TIM_OC3PolarityConfig                    0x0800599d   Thumb Code    26  stm32f10x_tim.o(.text)
    TIM_OC3NPolarityConfig                   0x080059b7   Thumb Code    26  stm32f10x_tim.o(.text)
    TIM_OC4PolarityConfig                    0x080059d1   Thumb Code    26  stm32f10x_tim.o(.text)
    TIM_CCxCmd                               0x080059eb   Thumb Code    30  stm32f10x_tim.o(.text)
    TIM_CCxNCmd                              0x08005a09   Thumb Code    30  stm32f10x_tim.o(.text)
    TIM_SelectOCxM                           0x08005a27   Thumb Code    82  stm32f10x_tim.o(.text)
    TIM_UpdateDisableConfig                  0x08005a79   Thumb Code    24  stm32f10x_tim.o(.text)
    TIM_UpdateRequestConfig                  0x08005a91   Thumb Code    24  stm32f10x_tim.o(.text)
    TIM_SelectHallSensor                     0x08005aa9   Thumb Code    24  stm32f10x_tim.o(.text)
    TIM_SelectOnePulseMode                   0x08005ac1   Thumb Code    18  stm32f10x_tim.o(.text)
    TIM_SelectOutputTrigger                  0x08005ad3   Thumb Code    18  stm32f10x_tim.o(.text)
    TIM_SelectSlaveMode                      0x08005ae5   Thumb Code    18  stm32f10x_tim.o(.text)
    TIM_SelectMasterSlaveMode                0x08005af7   Thumb Code    18  stm32f10x_tim.o(.text)
    TIM_SetCounter                           0x08005b09   Thumb Code     4  stm32f10x_tim.o(.text)
    TIM_SetAutoreload                        0x08005b0d   Thumb Code     4  stm32f10x_tim.o(.text)
    TIM_SetCompare1                          0x08005b11   Thumb Code     4  stm32f10x_tim.o(.text)
    TIM_SetCompare2                          0x08005b15   Thumb Code     4  stm32f10x_tim.o(.text)
    TIM_SetCompare3                          0x08005b19   Thumb Code     4  stm32f10x_tim.o(.text)
    TIM_SetCompare4                          0x08005b1d   Thumb Code     6  stm32f10x_tim.o(.text)
    TIM_SetClockDivision                     0x08005b23   Thumb Code    18  stm32f10x_tim.o(.text)
    TIM_GetCapture1                          0x08005b35   Thumb Code     6  stm32f10x_tim.o(.text)
    TIM_GetCapture2                          0x08005b3b   Thumb Code     6  stm32f10x_tim.o(.text)
    TIM_GetCapture3                          0x08005b41   Thumb Code     6  stm32f10x_tim.o(.text)
    TIM_GetCapture4                          0x08005b47   Thumb Code     8  stm32f10x_tim.o(.text)
    TIM_GetCounter                           0x08005b4f   Thumb Code     6  stm32f10x_tim.o(.text)
    TIM_GetPrescaler                         0x08005b55   Thumb Code     6  stm32f10x_tim.o(.text)
    TIM_GetFlagStatus                        0x08005b5b   Thumb Code    18  stm32f10x_tim.o(.text)
    TIM_ClearFlag                            0x08005b6d   Thumb Code     6  stm32f10x_tim.o(.text)
    TIM_GetITStatus                          0x08005b73   Thumb Code    34  stm32f10x_tim.o(.text)
    TIM_ClearITPendingBit                    0x08005b95   Thumb Code     6  stm32f10x_tim.o(.text)
    SPI_I2S_DeInit                           0x08005b9d   Thumb Code    76  stm32f10x_spi.o(.text)
    SPI_Init                                 0x08005be9   Thumb Code    60  stm32f10x_spi.o(.text)
    I2S_Init                                 0x08005c25   Thumb Code   226  stm32f10x_spi.o(.text)
    SPI_StructInit                           0x08005d07   Thumb Code    24  stm32f10x_spi.o(.text)
    I2S_StructInit                           0x08005d1f   Thumb Code    20  stm32f10x_spi.o(.text)
    SPI_Cmd                                  0x08005d33   Thumb Code    24  stm32f10x_spi.o(.text)
    I2S_Cmd                                  0x08005d4b   Thumb Code    24  stm32f10x_spi.o(.text)
    SPI_I2S_ITConfig                         0x08005d63   Thumb Code    32  stm32f10x_spi.o(.text)
    SPI_I2S_DMACmd                           0x08005d83   Thumb Code    18  stm32f10x_spi.o(.text)
    SPI_I2S_SendData                         0x08005d95   Thumb Code     4  stm32f10x_spi.o(.text)
    SPI_I2S_ReceiveData                      0x08005d99   Thumb Code     6  stm32f10x_spi.o(.text)
    SPI_NSSInternalSoftwareConfig            0x08005d9f   Thumb Code    30  stm32f10x_spi.o(.text)
    SPI_SSOutputCmd                          0x08005dbd   Thumb Code    24  stm32f10x_spi.o(.text)
    SPI_DataSizeConfig                       0x08005dd5   Thumb Code    18  stm32f10x_spi.o(.text)
    SPI_TransmitCRC                          0x08005de7   Thumb Code    10  stm32f10x_spi.o(.text)
    SPI_CalculateCRC                         0x08005df1   Thumb Code    24  stm32f10x_spi.o(.text)
    SPI_GetCRC                               0x08005e09   Thumb Code    16  stm32f10x_spi.o(.text)
    SPI_GetCRCPolynomial                     0x08005e19   Thumb Code     6  stm32f10x_spi.o(.text)
    SPI_BiDirectionalLineConfig              0x08005e1f   Thumb Code    28  stm32f10x_spi.o(.text)
    SPI_I2S_GetFlagStatus                    0x08005e3b   Thumb Code    18  stm32f10x_spi.o(.text)
    SPI_I2S_ClearFlag                        0x08005e4d   Thumb Code     6  stm32f10x_spi.o(.text)
    SPI_I2S_GetITStatus                      0x08005e53   Thumb Code    52  stm32f10x_spi.o(.text)
    SPI_I2S_ClearITPendingBit                0x08005e87   Thumb Code    20  stm32f10x_spi.o(.text)
    __use_no_semihosting                     0x08005ea9   Thumb Code     2  use_no_semi_2.o(.text)
    __c89vsprintf                            0x08005ead   Thumb Code    32  c89vsprintf.o(.text)
    __2printf                                0x08005ed1   Thumb Code    20  __2printf.o(.text)
    __2sprintf                               0x08005ee9   Thumb Code    38  __2sprintf.o(.text)
    _printf_pre_padding                      0x08005f15   Thumb Code    44  _printf_pad.o(.text)
    _printf_post_padding                     0x08005f41   Thumb Code    34  _printf_pad.o(.text)
    _printf_str                              0x08005f63   Thumb Code    82  _printf_str.o(.text)
    _printf_int_dec                          0x08005fb5   Thumb Code   100  _printf_dec.o(.text)
    __printf                                 0x08006029   Thumb Code   388  __printf_flags_ss_wp.o(.text)
    exit                                     0x080061b1   Thumb Code    12  exit.o(.text)
    strlen                                   0x080061bd   Thumb Code    62  strlen.o(.text)
    __use_two_region_memory                  0x080061fb   Thumb Code     2  heapauxi.o(.text)
    __rt_heap_escrow                         0x080061fd   Thumb Code     2  heapauxi.o(.text)
    __rt_heap_expand                         0x080061ff   Thumb Code     2  heapauxi.o(.text)
    __I$use$semihosting                      0x08006201   Thumb Code     0  use_no_semi.o(.text)
    __use_no_semihosting_swi                 0x08006201   Thumb Code     2  use_no_semi.o(.text)
    _printf_truncate_signed                  0x08006203   Thumb Code    18  _printf_truncate.o(.text)
    _printf_truncate_unsigned                0x08006215   Thumb Code    18  _printf_truncate.o(.text)
    _printf_int_common                       0x08006227   Thumb Code   178  _printf_intcommon.o(.text)
    _printf_charcount                        0x080062d9   Thumb Code    40  _printf_charcount.o(.text)
    __lib_sel_fp_printf                      0x08006301   Thumb Code     2  _printf_fp_dec.o(.text)
    _printf_fp_dec_real                      0x080064af   Thumb Code   616  _printf_fp_dec.o(.text)
    _printf_char_common                      0x08006723   Thumb Code    32  _printf_char_common.o(.text)
    _sputc                                   0x08006749   Thumb Code    10  _sputc.o(.text)
    _printf_cs_common                        0x08006753   Thumb Code    20  _printf_char.o(.text)
    _printf_char                             0x08006767   Thumb Code    16  _printf_char.o(.text)
    _printf_string                           0x08006777   Thumb Code     8  _printf_char.o(.text)
    _printf_char_file                        0x08006781   Thumb Code    32  _printf_char_file.o(.text)
    _printf_wctomb                           0x080067a5   Thumb Code   182  _printf_wctomb.o(.text)
    _printf_longlong_dec                     0x08006861   Thumb Code   104  _printf_longlong_dec.o(.text)
    _printf_longlong_oct                     0x080068d9   Thumb Code    68  _printf_oct_int_ll.o(.text)
    _printf_int_oct                          0x0800691d   Thumb Code    24  _printf_oct_int_ll.o(.text)
    _printf_ll_oct                           0x08006935   Thumb Code    12  _printf_oct_int_ll.o(.text)
    _printf_longlong_hex                     0x08006949   Thumb Code    86  _printf_hex_int_ll_ptr.o(.text)
    _printf_int_hex                          0x0800699f   Thumb Code    28  _printf_hex_int_ll_ptr.o(.text)
    _printf_ll_hex                           0x080069bb   Thumb Code    12  _printf_hex_int_ll_ptr.o(.text)
    _printf_hex_ptr                          0x080069c7   Thumb Code    18  _printf_hex_int_ll_ptr.o(.text)
    __user_libspace                          0x080069dd   Thumb Code     8  libspace.o(.text)
    __user_perproc_libspace                  0x080069dd   Thumb Code     0  libspace.o(.text)
    __user_perthread_libspace                0x080069dd   Thumb Code     0  libspace.o(.text)
    __rt_locale                              0x080069e5   Thumb Code     8  rt_locale_intlibspace.o(.text)
    _ll_udiv10                               0x080069ed   Thumb Code   138  lludiv10.o(.text)
    _printf_fp_infnan                        0x08006a79   Thumb Code   112  _printf_fp_infnan.o(.text)
    _printf_lcs_common                       0x08006af9   Thumb Code    20  _printf_wchar.o(.text)
    _printf_wchar                            0x08006b0d   Thumb Code    16  _printf_wchar.o(.text)
    _printf_wstring                          0x08006b1d   Thumb Code     8  _printf_wchar.o(.text)
    _btod_etento                             0x08006b25   Thumb Code   212  bigflt0.o(.text)
    ferror                                   0x08006bfd   Thumb Code     8  ferror.o(.text)
    _wcrtomb                                 0x08006c05   Thumb Code    64  _wcrtomb.o(.text)
    __user_setup_stackheap                   0x08006c45   Thumb Code    74  sys_stackheap_outer.o(.text)
    __rt_ctype_table                         0x08006c91   Thumb Code    16  rt_ctype_table.o(.text)
    strcmp                                   0x08006ca1   Thumb Code   128  strcmpv7m.o(.text)
    _btod_d2e                                0x08006d21   Thumb Code    62  btod.o(CL$$btod_d2e)
    _d2e_denorm_low                          0x08006d5f   Thumb Code    70  btod.o(CL$$btod_d2e_denorm_low)
    _d2e_norm_op1                            0x08006da5   Thumb Code    96  btod.o(CL$$btod_d2e_norm_op1)
    __btod_div_common                        0x08006e05   Thumb Code   696  btod.o(CL$$btod_div_common)
    _e2e                                     0x0800713d   Thumb Code   198  btod.o(CL$$btod_e2e)
    _btod_ediv                               0x08007203   Thumb Code    40  btod.o(CL$$btod_ediv)
    _btod_emul                               0x0800722b   Thumb Code    40  btod.o(CL$$btod_emul)
    __btod_mult_common                       0x08007253   Thumb Code   580  btod.o(CL$$btod_mult_common)
    __ARM_fpclassify                         0x08007497   Thumb Code    40  fpclassify.o(i.__ARM_fpclassify)
    _is_digit                                0x080074bf   Thumb Code    14  __printf_wp.o(i._is_digit)
    _get_lc_numeric                          0x080074cd   Thumb Code    44  lc_numeric_c.o(locale$$code)
    _get_lc_ctype                            0x080074f9   Thumb Code    44  lc_ctype_c.o(locale$$code)
    __aeabi_dadd                             0x08007525   Thumb Code     0  daddsub_clz.o(x$fpl$dadd)
    _dadd                                    0x08007525   Thumb Code   332  daddsub_clz.o(x$fpl$dadd)
    __fpl_dcmp_Inf                           0x08007675   Thumb Code    24  dcmpi.o(x$fpl$dcmpinf)
    __aeabi_ddiv                             0x0800768d   Thumb Code     0  ddiv.o(x$fpl$ddiv)
    _ddiv                                    0x0800768d   Thumb Code   552  ddiv.o(x$fpl$ddiv)
    __aeabi_d2iz                             0x0800793d   Thumb Code     0  dfix.o(x$fpl$dfix)
    _dfix                                    0x0800793d   Thumb Code    94  dfix.o(x$fpl$dfix)
    __aeabi_d2uiz                            0x0800799d   Thumb Code     0  dfixu.o(x$fpl$dfixu)
    _dfixu                                   0x0800799d   Thumb Code    90  dfixu.o(x$fpl$dfixu)
    __aeabi_i2d                              0x080079f7   Thumb Code     0  dflt_clz.o(x$fpl$dflt)
    _dflt                                    0x080079f7   Thumb Code    46  dflt_clz.o(x$fpl$dflt)
    __aeabi_ui2d                             0x08007a25   Thumb Code     0  dflt_clz.o(x$fpl$dfltu)
    _dfltu                                   0x08007a25   Thumb Code    38  dflt_clz.o(x$fpl$dfltu)
    __aeabi_cdcmple                          0x08007a4d   Thumb Code     0  dleqf.o(x$fpl$dleqf)
    _dcmple                                  0x08007a4d   Thumb Code   120  dleqf.o(x$fpl$dleqf)
    __fpl_dcmple_InfNaN                      0x08007aaf   Thumb Code     0  dleqf.o(x$fpl$dleqf)
    __aeabi_dmul                             0x08007ac5   Thumb Code     0  dmul.o(x$fpl$dmul)
    _dmul                                    0x08007ac5   Thumb Code   332  dmul.o(x$fpl$dmul)
    __fpl_dnaninf                            0x08007c19   Thumb Code   156  dnaninf.o(x$fpl$dnaninf)
    __fpl_dretinf                            0x08007cb5   Thumb Code    12  dretinf.o(x$fpl$dretinf)
    __aeabi_cdrcmple                         0x08007cc1   Thumb Code     0  drleqf.o(x$fpl$drleqf)
    _drcmple                                 0x08007cc1   Thumb Code   108  drleqf.o(x$fpl$drleqf)
    __aeabi_dsub                             0x08007d2d   Thumb Code     0  daddsub_clz.o(x$fpl$dsub)
    _dsub                                    0x08007d2d   Thumb Code   464  daddsub_clz.o(x$fpl$dsub)
    __aeabi_f2d                              0x08007f01   Thumb Code     0  f2d.o(x$fpl$f2d)
    _f2d                                     0x08007f01   Thumb Code    86  f2d.o(x$fpl$f2d)
    __aeabi_i2f                              0x08007f59   Thumb Code     0  fflt_clz.o(x$fpl$fflt)
    _fflt                                    0x08007f59   Thumb Code    48  fflt_clz.o(x$fpl$fflt)
    __fpl_fnaninf                            0x08007f89   Thumb Code   140  fnaninf.o(x$fpl$fnaninf)
    _printf_fp_dec                           0x08008015   Thumb Code     4  printf1.o(x$fpl$printf1)
    F6x8                                     0x08008018   Data         552  oled.o(.constdata)
    __I$use$fp                               0x08008018   Number         0  usenofp.o(x$fpl$usenofp)
    F8X16                                    0x08008240   Data        1520  oled.o(.constdata)
    table_week                               0x08008830   Data          12  rtc.o(.constdata)
    mon_table                                0x0800883c   Data          12  rtc.o(.constdata)
    Region$$Table$$Base                      0x08008920   Number         0  anon$$obj.o(Region$$Table)
    Region$$Table$$Limit                     0x08008940   Number         0  anon$$obj.o(Region$$Table)
    __ctype                                  0x08008969   Data           0  lc_ctype_c.o(locale$$data)
    SystemCoreClock                          0x20000000   Data           4  system_stm32f10x.o(.data)
    AHBPrescTable                            0x20000004   Data          16  system_stm32f10x.o(.data)
    Leads                                    0x20000020   Data          20  oled.o(.data)
    Hzk                                      0x20000034   Data        2752  oled.o(.data)
    ECGArry                                  0x20000af8   Data       10240  oled.o(.data)
    ECGArry1                                 0x200032f8   Data       10240  oled.o(.data)
    ECGArry2                                 0x20005af8   Data       10240  oled.o(.data)
    temperature                              0x200082f8   Data           2  ds18b20.o(.data)
    Key0_Flag                                0x20008304   Data           4  function.o(.data)
    USART2_RX_STA                            0x20008344   Data           2  usart2.o(.data)
    SD_Type                                  0x20008346   Data           1  mmc_sd.o(.data)
    ADS1293_Error_Array                      0x20008348   Data           7  ads1293_driver.o(.data)
    ADS1293_ECG_CH1                          0x2000834f   Data           2  ads1293_driver.o(.data)
    ADS1293_ECG_CH2                          0x20008351   Data           2  ads1293_driver.o(.data)
    ADS1293_ECG_CH3                          0x20008353   Data           2  ads1293_driver.o(.data)
    ECG_CH1_Package                          0x20008355   Data           4  ads1293_driver.o(.data)
    ECG_CH2_Package                          0x20008359   Data           4  ads1293_driver.o(.data)
    ECG_CH3_Package                          0x2000835d   Data           4  ads1293_driver.o(.data)
    Reg_FeedBack_Package                     0x20008361   Data           4  ads1293_driver.o(.data)
    ECGDateHandleOverFlag                    0x2000836c   Data           1  ads1293_driver.o(.data)
    ADS1293_Error_State                      0x2000836d   Data           1  ads1293_driver.o(.data)
    ADS1293_Error_Feedback_Flag              0x2000836e   Data           1  ads1293_driver.o(.data)
    ADS1293_InitRegArray                     0x2000836f   Data          74  ads1293_driver.o(.data)
    __stdout                                 0x200083c0   Data           4  usart.o(.data)
    USART_RX_STA                             0x200083c4   Data           2  usart.o(.data)
    OLED_GRAM                                0x200083dc   Data        1024  oled.o(.bss)
    calendar                                 0x200087dc   Data          10  rtc.o(.bss)
    USART2_TX_BUF                            0x200087e8   Data         200  usart2.o(.bss)
    USART2_RX_BUF                            0x200088b0   Data         200  usart2.o(.bss)
    SPI_InitStructure                        0x20008978   Data          18  spi.o(.bss)
    ADS1293_ECG_Array                        0x20008990   Data           9  ads1293_driver.o(.bss)
    ECGCh1                                   0x20008999   Data         128  ads1293_driver.o(.bss)
    ECGCh2                                   0x20008a19   Data         128  ads1293_driver.o(.bss)
    ECGCh3                                   0x20008a99   Data         128  ads1293_driver.o(.bss)
    ECGDateCh1                               0x20008b20   Data        1024  ads1293_driver.o(.bss)
    ECGDateCh2                               0x20008f20   Data        1024  ads1293_driver.o(.bss)
    ECGDateCh3                               0x20009320   Data        1024  ads1293_driver.o(.bss)
    USART3_TxBuffer                          0x20009720   Data         261  uart_communicate.o(.bss)
    USART_RX_BUF                             0x20009825   Data         200  usart.o(.bss)
    __libspace_start                         0x200098f0   Data          96  libspace.o(.bss)
    __temporary_stack_top$libspace           0x20009950   Data           0  libspace.o(.bss)



==============================================================================

Memory Map of the image

  Image Entry point : 0x08000131

  Load Region LR_IROM1 (Base: 0x08000000, Size: 0x00010e48, Max: 0x00040000, ABSOLUTE, COMPRESSED[0x0000a080])

    Execution Region ER_IROM1 (Base: 0x08000000, Size: 0x00008a6c, Max: 0x00040000, ABSOLUTE)

    Base Addr    Size         Type   Attr      Idx    E Section Name        Object

    0x08000000   0x00000130   Data   RO          589    RESET               startup_stm32f10x_hd.o
    0x08000130   0x00000008   Code   RO          836  * !!!main             c_w.l(__main.o)
    0x08000138   0x00000034   Code   RO         1215    !!!scatter          c_w.l(__scatter.o)
    0x0800016c   0x00000064   Code   RO         1213    !!dclz77c           c_w.l(__dclz77c.o)
    0x080001d0   0x0000001c   Code   RO         1217    !!handler_zi        c_w.l(__scatter_zi.o)
    0x080001ec   0x00000000   Code   RO          829    .ARM.Collect$$_printf_percent$$00000000  c_w.l(_printf_percent.o)
    0x080001ec   0x00000006   Code   RO          965    .ARM.Collect$$_printf_percent$$00000001  c_w.l(_printf_n.o)
    0x080001f2   0x00000006   Code   RO          967    .ARM.Collect$$_printf_percent$$00000002  c_w.l(_printf_p.o)
    0x080001f8   0x00000006   Code   RO          828    .ARM.Collect$$_printf_percent$$00000003  c_w.l(_printf_f.o)
    0x080001fe   0x00000006   Code   RO          971    .ARM.Collect$$_printf_percent$$00000004  c_w.l(_printf_e.o)
    0x08000204   0x00000006   Code   RO          972    .ARM.Collect$$_printf_percent$$00000005  c_w.l(_printf_g.o)
    0x0800020a   0x00000006   Code   RO          973    .ARM.Collect$$_printf_percent$$00000006  c_w.l(_printf_a.o)
    0x08000210   0x0000000a   Code   RO          978    .ARM.Collect$$_printf_percent$$00000007  c_w.l(_printf_ll.o)
    0x0800021a   0x00000006   Code   RO          969    .ARM.Collect$$_printf_percent$$00000008  c_w.l(_printf_i.o)
    0x08000220   0x00000006   Code   RO          827    .ARM.Collect$$_printf_percent$$00000009  c_w.l(_printf_d.o)
    0x08000226   0x00000006   Code   RO          970    .ARM.Collect$$_printf_percent$$0000000A  c_w.l(_printf_u.o)
    0x0800022c   0x00000006   Code   RO          968    .ARM.Collect$$_printf_percent$$0000000B  c_w.l(_printf_o.o)
    0x08000232   0x00000006   Code   RO          966    .ARM.Collect$$_printf_percent$$0000000C  c_w.l(_printf_x.o)
    0x08000238   0x00000006   Code   RO          975    .ARM.Collect$$_printf_percent$$0000000D  c_w.l(_printf_lli.o)
    0x0800023e   0x00000006   Code   RO          976    .ARM.Collect$$_printf_percent$$0000000E  c_w.l(_printf_lld.o)
    0x08000244   0x00000006   Code   RO          977    .ARM.Collect$$_printf_percent$$0000000F  c_w.l(_printf_llu.o)
    0x0800024a   0x00000006   Code   RO          982    .ARM.Collect$$_printf_percent$$00000010  c_w.l(_printf_llo.o)
    0x08000250   0x00000006   Code   RO          983    .ARM.Collect$$_printf_percent$$00000011  c_w.l(_printf_llx.o)
    0x08000256   0x0000000a   Code   RO          979    .ARM.Collect$$_printf_percent$$00000012  c_w.l(_printf_l.o)
    0x08000260   0x00000006   Code   RO          964    .ARM.Collect$$_printf_percent$$00000013  c_w.l(_printf_c.o)
    0x08000266   0x00000006   Code   RO          826    .ARM.Collect$$_printf_percent$$00000014  c_w.l(_printf_s.o)
    0x0800026c   0x00000006   Code   RO          980    .ARM.Collect$$_printf_percent$$00000015  c_w.l(_printf_lc.o)
    0x08000272   0x00000006   Code   RO          981    .ARM.Collect$$_printf_percent$$00000016  c_w.l(_printf_ls.o)
    0x08000278   0x00000004   Code   RO          974    .ARM.Collect$$_printf_percent$$00000017  c_w.l(_printf_percent_end.o)
    0x0800027c   0x00000002   Code   RO         1163    .ARM.Collect$$libinit$$00000000  c_w.l(libinit.o)
    0x0800027e   0x00000000   Code   RO          989    .ARM.Collect$$libinit$$00000002  c_w.l(libinit2.o)
    0x0800027e   0x00000000   Code   RO          992    .ARM.Collect$$libinit$$00000008  c_w.l(libinit2.o)
    0x0800027e   0x00000000   Code   RO          994    .ARM.Collect$$libinit$$0000000A  c_w.l(libinit2.o)
    0x0800027e   0x00000000   Code   RO          996    .ARM.Collect$$libinit$$0000000C  c_w.l(libinit2.o)
    0x0800027e   0x00000006   Code   RO          997    .ARM.Collect$$libinit$$0000000D  c_w.l(libinit2.o)
    0x08000284   0x00000000   Code   RO          999    .ARM.Collect$$libinit$$0000000F  c_w.l(libinit2.o)
    0x08000284   0x0000000c   Code   RO         1000    .ARM.Collect$$libinit$$00000010  c_w.l(libinit2.o)
    0x08000290   0x00000000   Code   RO         1001    .ARM.Collect$$libinit$$00000011  c_w.l(libinit2.o)
    0x08000290   0x00000000   Code   RO         1003    .ARM.Collect$$libinit$$00000013  c_w.l(libinit2.o)
    0x08000290   0x0000000a   Code   RO         1004    .ARM.Collect$$libinit$$00000014  c_w.l(libinit2.o)
    0x0800029a   0x00000000   Code   RO         1005    .ARM.Collect$$libinit$$00000015  c_w.l(libinit2.o)
    0x0800029a   0x00000000   Code   RO         1007    .ARM.Collect$$libinit$$00000017  c_w.l(libinit2.o)
    0x0800029a   0x00000000   Code   RO         1009    .ARM.Collect$$libinit$$00000019  c_w.l(libinit2.o)
    0x0800029a   0x00000000   Code   RO         1011    .ARM.Collect$$libinit$$0000001B  c_w.l(libinit2.o)
    0x0800029a   0x00000000   Code   RO         1013    .ARM.Collect$$libinit$$0000001D  c_w.l(libinit2.o)
    0x0800029a   0x00000000   Code   RO         1015    .ARM.Collect$$libinit$$0000001F  c_w.l(libinit2.o)
    0x0800029a   0x00000000   Code   RO         1017    .ARM.Collect$$libinit$$00000021  c_w.l(libinit2.o)
    0x0800029a   0x00000000   Code   RO         1019    .ARM.Collect$$libinit$$00000023  c_w.l(libinit2.o)
    0x0800029a   0x00000000   Code   RO         1023    .ARM.Collect$$libinit$$0000002A  c_w.l(libinit2.o)
    0x0800029a   0x00000000   Code   RO         1025    .ARM.Collect$$libinit$$0000002C  c_w.l(libinit2.o)
    0x0800029a   0x00000000   Code   RO         1027    .ARM.Collect$$libinit$$0000002E  c_w.l(libinit2.o)
    0x0800029a   0x00000000   Code   RO         1029    .ARM.Collect$$libinit$$00000030  c_w.l(libinit2.o)
    0x0800029a   0x00000002   Code   RO         1030    .ARM.Collect$$libinit$$00000031  c_w.l(libinit2.o)
    0x0800029c   0x00000002   Code   RO         1164    .ARM.Collect$$libshutdown$$00000000  c_w.l(libshutdown.o)
    0x0800029e   0x00000000   Code   RO         1178    .ARM.Collect$$libshutdown$$00000003  c_w.l(libshutdown2.o)
    0x0800029e   0x00000000   Code   RO         1181    .ARM.Collect$$libshutdown$$00000006  c_w.l(libshutdown2.o)
    0x0800029e   0x00000000   Code   RO         1184    .ARM.Collect$$libshutdown$$00000009  c_w.l(libshutdown2.o)
    0x0800029e   0x00000000   Code   RO         1186    .ARM.Collect$$libshutdown$$0000000B  c_w.l(libshutdown2.o)
    0x0800029e   0x00000000   Code   RO         1189    .ARM.Collect$$libshutdown$$0000000E  c_w.l(libshutdown2.o)
    0x0800029e   0x00000002   Code   RO         1190    .ARM.Collect$$libshutdown$$0000000F  c_w.l(libshutdown2.o)
    0x080002a0   0x00000000   Code   RO          882    .ARM.Collect$$rtentry$$00000000  c_w.l(rtentry.o)
    0x080002a0   0x00000000   Code   RO         1046    .ARM.Collect$$rtentry$$00000002  c_w.l(rtentry2.o)
    0x080002a0   0x00000006   Code   RO         1058    .ARM.Collect$$rtentry$$00000004  c_w.l(rtentry4.o)
    0x080002a6   0x00000000   Code   RO         1048    .ARM.Collect$$rtentry$$00000009  c_w.l(rtentry2.o)
    0x080002a6   0x00000004   Code   RO         1049    .ARM.Collect$$rtentry$$0000000A  c_w.l(rtentry2.o)
    0x080002aa   0x00000000   Code   RO         1051    .ARM.Collect$$rtentry$$0000000C  c_w.l(rtentry2.o)
    0x080002aa   0x00000008   Code   RO         1052    .ARM.Collect$$rtentry$$0000000D  c_w.l(rtentry2.o)
    0x080002b2   0x00000002   Code   RO          883    .ARM.Collect$$rtexit$$00000000  c_w.l(rtexit.o)
    0x080002b4   0x00000000   Code   RO         1061    .ARM.Collect$$rtexit$$00000002  c_w.l(rtexit2.o)
    0x080002b4   0x00000004   Code   RO         1062    .ARM.Collect$$rtexit$$00000003  c_w.l(rtexit2.o)
    0x080002b8   0x00000006   Code   RO         1063    .ARM.Collect$$rtexit$$00000004  c_w.l(rtexit2.o)
    0x080002be   0x00000016   Code   RO            1    .text               main.o
    0x080002d4   0x0000001a   Code   RO          161    .text               stm32f10x_it.o
    0x080002ee   0x00000002   PAD
    0x080002f0   0x000001e0   Code   RO          193    .text               system_stm32f10x.o
    0x080004d0   0x00000846   Code   RO          211    .text               oled.o
    0x08000d16   0x00000002   PAD
    0x08000d18   0x00000198   Code   RO          238    .text               beep.o
    0x08000eb0   0x00000264   Code   RO          250    .text               ds18b20.o
    0x08001114   0x00000e24   Code   RO          268    .text               function.o
    0x08001f38   0x000000e0   Code   RO          288    .text               key.o
    0x08002018   0x000001ac   Code   RO          300    .text               led.o
    0x080021c4   0x0000037c   Code   RO          312    .text               rtc.o
    0x08002540   0x00000184   Code   RO          336    .text               exti.o
    0x080026c4   0x000002a0   Code   RO          354    .text               hc05.o
    0x08002964   0x000002a0   Code   RO          369    .text               usart2.o
    0x08002c04   0x000003c0   Code   RO          395    .text               mmc_sd.o
    0x08002fc4   0x000000e8   Code   RO          413    .text               spi.o
    0x080030ac   0x00000394   Code   RO          448    .text               ads1293_driver.o
    0x08003440   0x000000b4   Code   RO          467    .text               spi_userdriver.o
    0x080034f4   0x000000c8   Code   RO          482    .text               uart_communicate.o
    0x080035bc   0x00000338   Code   RO          500    .text               stm32f10x_init.o
    0x080038f4   0x000000d4   Code   RO          527    .text               delay.o
    0x080039c8   0x0000000c   Code   RO          541    .text               sys.o
    0x080039d4   0x00000140   Code   RO          553    .text               usart.o
    0x08003b14   0x00000040   Code   RO          590    .text               startup_stm32f10x_hd.o
    0x08003b54   0x000000dc   Code   RO          594    .text               misc.o
    0x08003c30   0x0000035c   Code   RO          606    .text               stm32f10x_gpio.o
    0x08003f8c   0x000003a4   Code   RO          618    .text               stm32f10x_rcc.o
    0x08004330   0x00000408   Code   RO          632    .text               stm32f10x_usart.o
    0x08004738   0x000000c4   Code   RO          644    .text               stm32f10x_bkp.o
    0x080047fc   0x000000cc   Code   RO          656    .text               stm32f10x_pwr.o
    0x080048c8   0x00000148   Code   RO          668    .text               stm32f10x_rtc.o
    0x08004a10   0x0000011c   Code   RO          680    .text               stm32f10x_exti.o
    0x08004b2c   0x00000254   Code   RO          692    .text               stm32f10x_dma.o
    0x08004d80   0x00000e1a   Code   RO          704    .text               stm32f10x_tim.o
    0x08005b9a   0x00000002   PAD
    0x08005b9c   0x0000030c   Code   RO          716    .text               stm32f10x_spi.o
    0x08005ea8   0x00000002   Code   RO          730    .text               c_w.l(use_no_semi_2.o)
    0x08005eaa   0x00000002   PAD
    0x08005eac   0x00000024   Code   RO          788    .text               c_w.l(c89vsprintf.o)
    0x08005ed0   0x00000018   Code   RO          790    .text               c_w.l(__2printf.o)
    0x08005ee8   0x0000002c   Code   RO          792    .text               c_w.l(__2sprintf.o)
    0x08005f14   0x0000004e   Code   RO          800    .text               c_w.l(_printf_pad.o)
    0x08005f62   0x00000052   Code   RO          802    .text               c_w.l(_printf_str.o)
    0x08005fb4   0x00000074   Code   RO          804    .text               c_w.l(_printf_dec.o)
    0x08006028   0x00000188   Code   RO          823    .text               c_w.l(__printf_flags_ss_wp.o)
    0x080061b0   0x0000000c   Code   RO          830    .text               c_w.l(exit.o)
    0x080061bc   0x0000003e   Code   RO          832    .text               c_w.l(strlen.o)
    0x080061fa   0x00000006   Code   RO          834    .text               c_w.l(heapauxi.o)
    0x08006200   0x00000002   Code   RO          878    .text               c_w.l(use_no_semi.o)
    0x08006202   0x00000024   Code   RO          916    .text               c_w.l(_printf_truncate.o)
    0x08006226   0x000000b2   Code   RO          918    .text               c_w.l(_printf_intcommon.o)
    0x080062d8   0x00000028   Code   RO          920    .text               c_w.l(_printf_charcount.o)
    0x08006300   0x00000416   Code   RO          922    .text               c_w.l(_printf_fp_dec.o)
    0x08006716   0x00000002   PAD
    0x08006718   0x00000030   Code   RO          924    .text               c_w.l(_printf_char_common.o)
    0x08006748   0x0000000a   Code   RO          926    .text               c_w.l(_sputc.o)
    0x08006752   0x0000002c   Code   RO          928    .text               c_w.l(_printf_char.o)
    0x0800677e   0x00000002   PAD
    0x08006780   0x00000024   Code   RO          930    .text               c_w.l(_printf_char_file.o)
    0x080067a4   0x000000bc   Code   RO          932    .text               c_w.l(_printf_wctomb.o)
    0x08006860   0x00000078   Code   RO          935    .text               c_w.l(_printf_longlong_dec.o)
    0x080068d8   0x00000070   Code   RO          941    .text               c_w.l(_printf_oct_int_ll.o)
    0x08006948   0x00000094   Code   RO          961    .text               c_w.l(_printf_hex_int_ll_ptr.o)
    0x080069dc   0x00000008   Code   RO         1042    .text               c_w.l(libspace.o)
    0x080069e4   0x00000008   Code   RO         1070    .text               c_w.l(rt_locale_intlibspace.o)
    0x080069ec   0x0000008a   Code   RO         1080    .text               c_w.l(lludiv10.o)
    0x08006a76   0x00000002   PAD
    0x08006a78   0x00000080   Code   RO         1082    .text               c_w.l(_printf_fp_infnan.o)
    0x08006af8   0x0000002c   Code   RO         1086    .text               c_w.l(_printf_wchar.o)
    0x08006b24   0x000000d8   Code   RO         1088    .text               c_w.l(bigflt0.o)
    0x08006bfc   0x00000008   Code   RO         1113    .text               c_w.l(ferror.o)
    0x08006c04   0x00000040   Code   RO         1117    .text               c_w.l(_wcrtomb.o)
    0x08006c44   0x0000004a   Code   RO         1138    .text               c_w.l(sys_stackheap_outer.o)
    0x08006c8e   0x00000002   PAD
    0x08006c90   0x00000010   Code   RO         1140    .text               c_w.l(rt_ctype_table.o)
    0x08006ca0   0x00000080   Code   RO         1150    .text               c_w.l(strcmpv7m.o)
    0x08006d20   0x0000003e   Code   RO         1091    CL$$btod_d2e        c_w.l(btod.o)
    0x08006d5e   0x00000046   Code   RO         1093    CL$$btod_d2e_denorm_low  c_w.l(btod.o)
    0x08006da4   0x00000060   Code   RO         1092    CL$$btod_d2e_norm_op1  c_w.l(btod.o)
    0x08006e04   0x00000338   Code   RO         1101    CL$$btod_div_common  c_w.l(btod.o)
    0x0800713c   0x000000c6   Code   RO         1098    CL$$btod_e2e        c_w.l(btod.o)
    0x08007202   0x00000028   Code   RO         1095    CL$$btod_ediv       c_w.l(btod.o)
    0x0800722a   0x00000028   Code   RO         1094    CL$$btod_emul       c_w.l(btod.o)
    0x08007252   0x00000244   Code   RO         1100    CL$$btod_mult_common  c_w.l(btod.o)
    0x08007496   0x00000028   Code   RO         1135    i.__ARM_fpclassify  m_ws.l(fpclassify.o)
    0x080074be   0x0000000e   Code   RO          816    i._is_digit         c_w.l(__printf_wp.o)
    0x080074cc   0x0000002c   Code   RO         1120    locale$$code        c_w.l(lc_numeric_c.o)
    0x080074f8   0x0000002c   Code   RO         1170    locale$$code        c_w.l(lc_ctype_c.o)
    0x08007524   0x00000150   Code   RO          838    x$fpl$dadd          fz_ws.l(daddsub_clz.o)
    0x08007674   0x00000018   Code   RO         1031    x$fpl$dcmpinf       fz_ws.l(dcmpi.o)
    0x0800768c   0x000002b0   Code   RO          845    x$fpl$ddiv          fz_ws.l(ddiv.o)
    0x0800793c   0x0000005e   Code   RO          848    x$fpl$dfix          fz_ws.l(dfix.o)
    0x0800799a   0x00000002   PAD
    0x0800799c   0x0000005a   Code   RO          852    x$fpl$dfixu         fz_ws.l(dfixu.o)
    0x080079f6   0x0000002e   Code   RO          857    x$fpl$dflt          fz_ws.l(dflt_clz.o)
    0x08007a24   0x00000026   Code   RO          856    x$fpl$dfltu         fz_ws.l(dflt_clz.o)
    0x08007a4a   0x00000002   PAD
    0x08007a4c   0x00000078   Code   RO          862    x$fpl$dleqf         fz_ws.l(dleqf.o)
    0x08007ac4   0x00000154   Code   RO          864    x$fpl$dmul          fz_ws.l(dmul.o)
    0x08007c18   0x0000009c   Code   RO         1033    x$fpl$dnaninf       fz_ws.l(dnaninf.o)
    0x08007cb4   0x0000000c   Code   RO         1035    x$fpl$dretinf       fz_ws.l(dretinf.o)
    0x08007cc0   0x0000006c   Code   RO          866    x$fpl$drleqf        fz_ws.l(drleqf.o)
    0x08007d2c   0x000001d4   Code   RO          840    x$fpl$dsub          fz_ws.l(daddsub_clz.o)
    0x08007f00   0x00000056   Code   RO          868    x$fpl$f2d           fz_ws.l(f2d.o)
    0x08007f56   0x00000002   PAD
    0x08007f58   0x00000030   Code   RO          871    x$fpl$fflt          fz_ws.l(fflt_clz.o)
    0x08007f88   0x0000008c   Code   RO         1037    x$fpl$fnaninf       fz_ws.l(fnaninf.o)
    0x08008014   0x00000004   Code   RO          876    x$fpl$printf1       fz_ws.l(printf1.o)
    0x08008018   0x00000000   Code   RO         1039    x$fpl$usenofp       fz_ws.l(usenofp.o)
    0x08008018   0x00000818   Data   RO          213    .constdata          oled.o
    0x08008830   0x00000018   Data   RO          314    .constdata          rtc.o
    0x08008848   0x00000011   Data   RO          824    .constdata          c_w.l(__printf_flags_ss_wp.o)
    0x08008859   0x00000003   PAD
    0x0800885c   0x00000008   Data   RO          933    .constdata          c_w.l(_printf_wctomb.o)
    0x08008864   0x00000028   Data   RO          962    .constdata          c_w.l(_printf_hex_int_ll_ptr.o)
    0x0800888c   0x00000094   Data   RO         1089    .constdata          c_w.l(bigflt0.o)
    0x08008920   0x00000020   Data   RO         1211    Region$$Table       anon$$obj.o
    0x08008940   0x0000001c   Data   RO         1119    locale$$data        c_w.l(lc_numeric_c.o)
    0x0800895c   0x00000110   Data   RO         1169    locale$$data        c_w.l(lc_ctype_c.o)


    Execution Region RW_IRAM1 (Base: 0x20000000, Size: 0x00009f50, Max: 0x0000c000, ABSOLUTE, COMPRESSED[0x00001614])

    Base Addr    Size         Type   Attr      Idx    E Section Name        Object

    0x20000000   0x00000014   Data   RW          194    .data               system_stm32f10x.o
    0x20000014   0x00000004   PAD
    0x20000018   0x000082e0   Data   RW          214    .data               oled.o
    0x200082f8   0x00000002   Data   RW          251    .data               ds18b20.o
    0x200082fa   0x00000002   PAD
    0x200082fc   0x0000003c   Data   RW          269    .data               function.o
    0x20008338   0x00000002   Data   RW          315    .data               rtc.o
    0x2000833a   0x00000002   PAD
    0x2000833c   0x00000008   Data   RW          337    .data               exti.o
    0x20008344   0x00000002   Data   RW          371    .data               usart2.o
    0x20008346   0x00000001   Data   RW          396    .data               mmc_sd.o
    0x20008347   0x00000001   PAD
    0x20008348   0x00000071   Data   RW          450    .data               ads1293_driver.o
    0x200083b9   0x00000001   PAD
    0x200083ba   0x00000004   Data   RW          528    .data               delay.o
    0x200083be   0x00000002   PAD
    0x200083c0   0x00000006   Data   RW          555    .data               usart.o
    0x200083c6   0x00000014   Data   RW          619    .data               stm32f10x_rcc.o
    0x200083da   0x00000002   PAD
    0x200083dc   0x00000400   Zero   RW          212    .bss                oled.o
    0x200087dc   0x0000000a   Zero   RW          313    .bss                rtc.o
    0x200087e6   0x00000002   PAD
    0x200087e8   0x00000190   Zero   RW          370    .bss                usart2.o
    0x20008978   0x00000012   Zero   RW          414    .bss                spi.o
    0x2000898a   0x00000006   PAD
    0x20008990   0x00000d90   Zero   RW          449    .bss                ads1293_driver.o
    0x20009720   0x00000105   Zero   RW          483    .bss                uart_communicate.o
    0x20009825   0x000000c8   Zero   RW          554    .bss                usart.o
    0x200098ed   0x00000003   PAD
    0x200098f0   0x00000060   Zero   RW         1043    .bss                c_w.l(libspace.o)
    0x20009950   0x00000200   Zero   RW          588    HEAP                startup_stm32f10x_hd.o
    0x20009b50   0x00000400   Zero   RW          587    STACK               startup_stm32f10x_hd.o


==============================================================================

Image component sizes


      Code (inc. data)   RO Data    RW Data    ZI Data      Debug   Object Name

       916        102          0        113       3472       6645   ads1293_driver.o
       408         14          0          0          0       1306   beep.o
         0          0          0          0          0         32   core_cm3.o
       212         18          0          4          0       1023   delay.o
       612         16          0          2          0       2476   ds18b20.o
       388         22          0          8          0       1406   exti.o
      3620        222          0         60          0       6019   function.o
       672         94          0          0          0       2675   hc05.o
       224         12          0          0          0        764   key.o
       428         12          0          0          0       1414   led.o
        22          0          0          0          0     272957   main.o
       220         22          0          0          0       1809   misc.o
       960         12          0          1          0       5290   mmc_sd.o
      2118         28       2072      33504       1024       8627   oled.o
       892         28         24          2         10       3756   rtc.o
       232         14          0          0         18       1277   spi.o
       180         10          0          0          0       1551   spi_userdriver.o
        64         26        304          0       1536        796   startup_stm32f10x_hd.o
       196          8          0          0          0       3468   stm32f10x_bkp.o
       596          8          0          0          0       4334   stm32f10x_dma.o
       284         10          0          0          0       2239   stm32f10x_exti.o
       860         38          0          0          0       5653   stm32f10x_gpio.o
       824         22          0          0          0       1718   stm32f10x_init.o
        26          0          0          0          0       1182   stm32f10x_it.o
       204         14          0          0          0       1923   stm32f10x_pwr.o
       932         36          0         20          0       8824   stm32f10x_rcc.o
       328          4          0          0          0       2670   stm32f10x_rtc.o
       780         14          0          0          0       6534   stm32f10x_spi.o
      3610         88          0          0          0      22136   stm32f10x_tim.o
      1032         22          0          0          0       8376   stm32f10x_usart.o
        12          0          0          0          0        453   sys.o
       480         38          0         20          0       1751   system_stm32f10x.o
       200          8          0          0        261       2849   uart_communicate.o
       320         16          0          6        200       3178   usart.o
       672         30          0          2        400       3826   usart2.o

    ----------------------------------------------------------------------
     23530       1008       2432      33756       6932     400937   Object Totals
         0          0         32          0          0          0   (incl. Generated)
         6          0          0         14         11          0   (incl. Padding)

    ----------------------------------------------------------------------

      Code (inc. data)   RO Data    RW Data    ZI Data      Debug   Library Member Name

        24          4          0          0          0         84   __2printf.o
        44          6          0          0          0         84   __2sprintf.o
       100          0          0          0          0          0   __dclz77c.o
         8          0          0          0          0         68   __main.o
       392          4         17          0          0         92   __printf_flags_ss_wp.o
        14          0          0          0          0         68   __printf_wp.o
        52          8          0          0          0          0   __scatter.o
        28          0          0          0          0          0   __scatter_zi.o
         6          0          0          0          0          0   _printf_a.o
         6          0          0          0          0          0   _printf_c.o
        44          0          0          0          0        108   _printf_char.o
        48          6          0          0          0         96   _printf_char_common.o
        36          4          0          0          0         80   _printf_char_file.o
        40          0          0          0          0         68   _printf_charcount.o
         6          0          0          0          0          0   _printf_d.o
       116         16          0          0          0         92   _printf_dec.o
         6          0          0          0          0          0   _printf_e.o
         6          0          0          0          0          0   _printf_f.o
      1046          0          0          0          0        216   _printf_fp_dec.o
       128         16          0          0          0         84   _printf_fp_infnan.o
         6          0          0          0          0          0   _printf_g.o
       148          4         40          0          0        160   _printf_hex_int_ll_ptr.o
         6          0          0          0          0          0   _printf_i.o
       178          0          0          0          0         88   _printf_intcommon.o
        10          0          0          0          0          0   _printf_l.o
         6          0          0          0          0          0   _printf_lc.o
        10          0          0          0          0          0   _printf_ll.o
         6          0          0          0          0          0   _printf_lld.o
         6          0          0          0          0          0   _printf_lli.o
         6          0          0          0          0          0   _printf_llo.o
         6          0          0          0          0          0   _printf_llu.o
         6          0          0          0          0          0   _printf_llx.o
       120         16          0          0          0         92   _printf_longlong_dec.o
         6          0          0          0          0          0   _printf_ls.o
         6          0          0          0          0          0   _printf_n.o
         6          0          0          0          0          0   _printf_o.o
       112          8          0          0          0        124   _printf_oct_int_ll.o
         6          0          0          0          0          0   _printf_p.o
        78          0          0          0          0        108   _printf_pad.o
         0          0          0          0          0          0   _printf_percent.o
         4          0          0          0          0          0   _printf_percent_end.o
         6          0          0          0          0          0   _printf_s.o
        82          0          0          0          0         80   _printf_str.o
        36          0          0          0          0         84   _printf_truncate.o
         6          0          0          0          0          0   _printf_u.o
        44          0          0          0          0        108   _printf_wchar.o
       188          6          8          0          0         92   _printf_wctomb.o
         6          0          0          0          0          0   _printf_x.o
        10          0          0          0          0         68   _sputc.o
        64          0          0          0          0         92   _wcrtomb.o
       216          4        148          0          0         96   bigflt0.o
      1910        128          0          0          0        672   btod.o
        36          4          0          0          0         76   c89vsprintf.o
        12          0          0          0          0         72   exit.o
         8          0          0          0          0         68   ferror.o
         6          0          0          0          0        152   heapauxi.o
        44         10        272          0          0         76   lc_ctype_c.o
        44         10         28          0          0         76   lc_numeric_c.o
         2          0          0          0          0          0   libinit.o
        30          0          0          0          0          0   libinit2.o
         2          0          0          0          0          0   libshutdown.o
         2          0          0          0          0          0   libshutdown2.o
         8          4          0          0         96         68   libspace.o
       138          0          0          0          0         80   lludiv10.o
        16          4          0          0          0         76   rt_ctype_table.o
         8          4          0          0          0         68   rt_locale_intlibspace.o
         0          0          0          0          0          0   rtentry.o
        12          0          0          0          0          0   rtentry2.o
         6          0          0          0          0          0   rtentry4.o
         2          0          0          0          0          0   rtexit.o
        10          0          0          0          0          0   rtexit2.o
       128          0          0          0          0         68   strcmpv7m.o
        62          0          0          0          0         76   strlen.o
        74          0          0          0          0         80   sys_stackheap_outer.o
         2          0          0          0          0         68   use_no_semi.o
         2          0          0          0          0         68   use_no_semi_2.o
       804         16          0          0          0        272   daddsub_clz.o
        24          0          0          0          0         68   dcmpi.o
       688        140          0          0          0        208   ddiv.o
        94          4          0          0          0         92   dfix.o
        90          4          0          0          0         92   dfixu.o
        84          0          0          0          0        136   dflt_clz.o
       120          4          0          0          0         92   dleqf.o
       340         12          0          0          0        104   dmul.o
       156          4          0          0          0         92   dnaninf.o
        12          0          0          0          0         68   dretinf.o
       108          0          0          0          0         80   drleqf.o
        86          4          0          0          0         84   f2d.o
        48          0          0          0          0         68   fflt_clz.o
       140          4          0          0          0         84   fnaninf.o
         4          0          0          0          0         68   printf1.o
         0          0          0          0          0          0   usenofp.o
        40          0          0          0          0         68   fpclassify.o

    ----------------------------------------------------------------------
      8958        458        516          0         96       5852   Library Totals
        16          0          3          0          0          0   (incl. Padding)

    ----------------------------------------------------------------------

      Code (inc. data)   RO Data    RW Data    ZI Data      Debug   Library Name

      6104        266        513          0         96       4176   c_w.l
      2798        192          0          0          0       1608   fz_ws.l
        40          0          0          0          0         68   m_ws.l

    ----------------------------------------------------------------------
      8958        458        516          0         96       5852   Library Totals

    ----------------------------------------------------------------------

==============================================================================


      Code (inc. data)   RO Data    RW Data    ZI Data      Debug   

     32488       1466       2948      33756       7028     400597   Grand Totals
     32488       1466       2948       5652       7028     400597   ELF Image Totals (compressed)
     32488       1466       2948       5652          0          0   ROM Totals

==============================================================================

    Total RO  Size (Code + RO Data)                35436 (  34.61kB)
    Total RW  Size (RW Data + ZI Data)             40784 (  39.83kB)
    Total ROM Size (Code + RO Data + RW Data)      41088 (  40.13kB)

==============================================================================

